
C:\Users\9LordOfArt\Desktop\CAT\Program\PBService\misservice\pb2csdotnettempout>if "" == "" set NET_FRAMEWORK\csc 
Environment variable NET_FRAMEWORK\csc not defined

C:\Users\9LordOfArt\Desktop\CAT\Program\PBService\misservice\pb2csdotnettempout>if errorlevel 9009 exit 3 

C:\Users\9LordOfArt\Desktop\CAT\Program\PBService\misservice\pb2csdotnettempout>setlocal

C:\Users\9LordOfArt\Desktop\CAT\Program\PBService\misservice\pb2csdotnettempout>if exist "C:\Users\9LordOfArt\Desktop\CAT\Program\PBService\misservice\pb2csdotnettempout\*.cs" del "C:\Users\9LordOfArt\Desktop\CAT\Program\PBService\misservice\pb2csdotnettempout\*.cs" 

C:\Users\9LordOfArt\Desktop\CAT\Program\PBService\misservice\pb2csdotnettempout>rename "C:\Users\9LordOfArt\Desktop\CAT\Program\PBService\misservice\pb2csdotnettempout\AssemblyInfo.bak" "AssemblyInfo.cs" 

C:\Users\9LordOfArt\Desktop\CAT\Program\PBService\misservice\pb2csdotnettempout>"C:\Program Files\Sybase\PowerBuilder 12.0\DotNET\bin\pb2cs" @"C:\Users\9LordOfArt\Desktop\CAT\Program\PBService\misservice\pb2csdotnettempout\projectinfo.txt" 
n_cst_dbconnectservice_web,n_cst_dbconnectservice_web,of_connectdb:I,of_connectdb,,of_connectdb:IS,of_connectdb,,of_disconnectdb:I,of_disconnectdb,,
n_cst_mis_service,n_cst_mis_service,of_gen_camels_analysis:IIIIIRSRSRSRSRS,of_gen_camels_analysis,,of_gen_gph_loan_month:IIIIIRSRS,of_gen_gph_loan_month,,of_gen_gph_newmember_month:IIIIIRSRS,of_gen_gph_newmember_month,,of_gen_gph_payin_loan:IIIIIRSRS,of_gen_gph_payin_loan,,of_gen_gph_payin_share:IIIIIRSRS,of_gen_gph_payin_share,,of_gen_gph_payout_loan:IIIIIRSRS,of_gen_gph_payout_loan,,of_gen_gph_payout_share:IIIIIRSRS,of_gen_gph_payout_share,,of_gen_gph_share_month:IIIIIRSRS,of_gen_gph_share_month,,of_settrans:IRCn_cst_dbconnectservice_web.,of_settrans,,
Type-checking (pass 1) system (system)
Parsing c:\users\9lordofart\desktop\cat\program\pbservice\commonservice\commonservice.pbl (n_cst_doccontrolservice)
Parsing c:\users\9lordofart\desktop\cat\program\pbservice\commonservice\commonservice.pbl (n_cst_dbconnectservice_web)
Parsing c:\users\9lordofart\desktop\cat\program\pbservice\commonservice\commonservice.pbl (n_cst_datetimeservice)
Parsing c:\users\9lordofart\desktop\cat\program\pbservice\commonservice\commonservice.pbl (n_cst_stringservice)
Parsing c:\users\9lordofart\desktop\cat\program\pbservice\commonservice\commonservice.pbl (n_cst_bankservice)
Parsing c:\users\9lordofart\desktop\cat\program\pbservice\misservice\misservice.pbl (misservice)
Parsing c:\users\9lordofart\desktop\cat\program\pbservice\misservice\misservice.pbl (n_cst_mis_service)
Type-checking (pass 1) c:\users\9lordofart\desktop\cat\program\pbservice\misservice\misservice.pbl (misservice)
Type-checking (pass 1) c:\users\9lordofart\desktop\cat\program\pbservice\commonservice\commonservice.pbl (n_cst_bankservice)
Type-checking (pass 1) c:\users\9lordofart\desktop\cat\program\pbservice\commonservice\commonservice.pbl (n_cst_datetimeservice)
Type-checking (pass 1) c:\users\9lordofart\desktop\cat\program\pbservice\commonservice\commonservice.pbl (n_cst_dbconnectservice_web)
Type-checking (pass 1) c:\users\9lordofart\desktop\cat\program\pbservice\commonservice\commonservice.pbl (n_cst_doccontrolservice)
Type-checking (pass 1) c:\users\9lordofart\desktop\cat\program\pbservice\misservice\misservice.pbl (n_cst_mis_service)
Type-checking (pass 1) c:\users\9lordofart\desktop\cat\program\pbservice\commonservice\commonservice.pbl (n_cst_stringservice)
Type-checking (pass 1) c:\users\9lordofart\desktop\cat\program\pbservice\misservice\misservice.pbl (misservice)
Type-checking (pass 1) c:\users\9lordofart\desktop\cat\program\pbservice\commonservice\commonservice.pbl (n_cst_bankservice)
Type-checking (pass 1) c:\users\9lordofart\desktop\cat\program\pbservice\commonservice\commonservice.pbl (n_cst_datetimeservice)
Type-checking (pass 1) c:\users\9lordofart\desktop\cat\program\pbservice\commonservice\commonservice.pbl (n_cst_dbconnectservice_web)
Type-checking (pass 1) c:\users\9lordofart\desktop\cat\program\pbservice\commonservice\commonservice.pbl (n_cst_doccontrolservice)
Type-checking (pass 1) c:\users\9lordofart\desktop\cat\program\pbservice\misservice\misservice.pbl (n_cst_mis_service)
Type-checking (pass 1) c:\users\9lordofart\desktop\cat\program\pbservice\commonservice\commonservice.pbl (n_cst_stringservice)
Type-checking (pass 1) c:\users\9lordofart\desktop\cat\program\pbservice\misservice\misservice.pbl (misservice)
Type-checking (pass 1) c:\users\9lordofart\desktop\cat\program\pbservice\commonservice\commonservice.pbl (n_cst_bankservice)
Type-checking (pass 1) c:\users\9lordofart\desktop\cat\program\pbservice\commonservice\commonservice.pbl (n_cst_datetimeservice)
Type-checking (pass 1) c:\users\9lordofart\desktop\cat\program\pbservice\commonservice\commonservice.pbl (n_cst_dbconnectservice_web)
Type-checking (pass 1) c:\users\9lordofart\desktop\cat\program\pbservice\commonservice\commonservice.pbl (n_cst_doccontrolservice)
Type-checking (pass 1) c:\users\9lordofart\desktop\cat\program\pbservice\misservice\misservice.pbl (n_cst_mis_service)
Type-checking (pass 1) c:\users\9lordofart\desktop\cat\program\pbservice\commonservice\commonservice.pbl (n_cst_stringservice)
Type-checking prototypes/instance variables(pass 2) 
Type-checking prototypes/instance variables(pass 2) 
Type-checking prototypes/instance variables(pass 2) 
Type-checking prototypes/instance variables(pass 2) 
Type-checking prototypes/instance variables(pass 2) 
Type-checking prototypes/instance variables(pass 2) 
Type-checking prototypes/instance variables(pass 2) 
Type-checking methods(pass 2) c:\users\9lordofart\desktop\cat\program\pbservice\misservice\misservice.pbl (misservice)
Type-checking methods(pass 2) c:\users\9lordofart\desktop\cat\program\pbservice\commonservice\commonservice.pbl (n_cst_bankservice)
Type-checking methods(pass 2) c:\users\9lordofart\desktop\cat\program\pbservice\commonservice\commonservice.pbl (n_cst_datetimeservice)
Type-checking methods(pass 2) c:\users\9lordofart\desktop\cat\program\pbservice\commonservice\commonservice.pbl (n_cst_dbconnectservice_web)
Type-checking methods(pass 2) c:\users\9lordofart\desktop\cat\program\pbservice\commonservice\commonservice.pbl (n_cst_doccontrolservice)
Type-checking methods(pass 2) c:\users\9lordofart\desktop\cat\program\pbservice\misservice\misservice.pbl (n_cst_mis_service)
Type-checking methods(pass 2) c:\users\9lordofart\desktop\cat\program\pbservice\commonservice\commonservice.pbl (n_cst_stringservice)
Emitting c:\users\9lordofart\desktop\cat\program\pbservice\misservice\misservice.pbl (misservice)
Emitting c:\users\9lordofart\desktop\cat\program\pbservice\commonservice\commonservice.pbl (n_cst_dbconnectservice_web)
Emitting c:\users\9lordofart\desktop\cat\program\pbservice\commonservice\commonservice.pbl (n_cst_stringservice)
Emitting c:\users\9lordofart\desktop\cat\program\pbservice\misservice\misservice.pbl (n_cst_mis_service)
Emitting c:\users\9lordofart\desktop\cat\program\pbservice\misservice\misservice.pbl (misservice)
Emitting c:\users\9lordofart\desktop\cat\program\pbservice\commonservice\commonservice.pbl (n_cst_dbconnectservice_web)
Emitting c:\users\9lordofart\desktop\cat\program\pbservice\commonservice\commonservice.pbl (n_cst_stringservice)
Emitting c:\users\9lordofart\desktop\cat\program\pbservice\misservice\misservice.pbl (n_cst_mis_service)
Emitting c:\users\9lordofart\desktop\cat\program\pbservice\misservice\misservice.pbl (misservice)
Emitting c:\users\9lordofart\desktop\cat\program\pbservice\commonservice\commonservice.pbl (n_cst_dbconnectservice_web)
Emitting c:\users\9lordofart\desktop\cat\program\pbservice\commonservice\commonservice.pbl (n_cst_stringservice)
Emitting c:\users\9lordofart\desktop\cat\program\pbservice\misservice\misservice.pbl (n_cst_mis_service)


Error Summary : 0 error(s) 



Warning Summary : 0 warning(s) 



Compile complete -- 0 error(s), 0 warning(s)


C:\Users\9LordOfArt\Desktop\CAT\Program\PBService\misservice\pb2csdotnettempout>if ERRORLEVEL 1 exit 1 

C:\Users\9LordOfArt\Desktop\CAT\Program\PBService\misservice\pb2csdotnettempout>call build.bat c- "C:\Users\9LordOfArt\Desktop\CAT\Program\PBService\misservice\pb2csdotnettempout\csc_output_file_name.txt" 

C:\Users\9LordOfArt\Desktop\CAT\Program\PBService\misservice\pb2csdotnettempout>setlocal

C:\Users\9LordOfArt\Desktop\CAT\Program\PBService\misservice\pb2csdotnettempout>if "c-" == "" goto usage  

C:\Users\9LordOfArt\Desktop\CAT\Program\PBService\misservice\pb2csdotnettempout>if "C:\Program Files\Sybase\PowerBuilder 12.0\DotNET" == "" goto sethome 

C:\Users\9LordOfArt\Desktop\CAT\Program\PBService\misservice\pb2csdotnettempout>if "" == "" set NET_FRAMEWORK_PB$PBVERSION$=C:\Windows\Microsoft.NET\Framework\v3.5 

C:\Users\9LordOfArt\Desktop\CAT\Program\PBService\misservice\pb2csdotnettempout>md bin 
A subdirectory or file bin already exists.

C:\Users\9LordOfArt\Desktop\CAT\Program\PBService\misservice\pb2csdotnettempout>md install 
A subdirectory or file install already exists.

C:\Users\9LordOfArt\Desktop\CAT\Program\PBService\misservice\pb2csdotnettempout>if "c-" == "c-" goto notcopy 

C:\Users\9LordOfArt\Desktop\CAT\Program\PBService\misservice\pb2csdotnettempout>reg import "C:\Program Files\Sybase\PowerBuilder 12.0\DotNET\bin\PBExceptionTrace.reg" 
ERROR: Error accessing the registry.

C:\Users\9LordOfArt\Desktop\CAT\Program\PBService\misservice\pb2csdotnettempout>xcopy /D /Y "c:\users\9lordofart\desktop\cat\program\pbservice\commonservice\commonservice.pbd" bin\ 
C:\users\9lordofart\desktop\cat\program\pbservice\commonservice\commonservice.pbd
1 File(s) copied

C:\Users\9LordOfArt\Desktop\CAT\Program\PBService\misservice\pb2csdotnettempout>xcopy /D /Y "c:\users\9lordofart\desktop\cat\program\pbservice\commonservice\commonservice.pbd" install\ 
C:\users\9lordofart\desktop\cat\program\pbservice\commonservice\commonservice.pbd
1 File(s) copied

C:\Users\9LordOfArt\Desktop\CAT\Program\PBService\misservice\pb2csdotnettempout>xcopy /D /Y "c:\users\9lordofart\desktop\cat\program\pbservice\misservice\misservice.pbd" bin\ 
C:\users\9lordofart\desktop\cat\program\pbservice\misservice\misservice.pbd
1 File(s) copied

C:\Users\9LordOfArt\Desktop\CAT\Program\PBService\misservice\pb2csdotnettempout>xcopy /D /Y "c:\users\9lordofart\desktop\cat\program\pbservice\misservice\misservice.pbd" install\ 
C:\users\9lordofart\desktop\cat\program\pbservice\misservice\misservice.pbd
1 File(s) copied

C:\Users\9LordOfArt\Desktop\CAT\Program\PBService\misservice\pb2csdotnettempout>if "C:\Users\9LordOfArt\Desktop\CAT\Program\PBService\misservice\pb2csdotnettempout\csc_output_file_name.txt" == "" (C:\Windows\Microsoft.NET\Framework\v3.5\csc /t:library /debug /nowarn:1591 /doc:"bin\pbservice.misservice.xml"   /platform:x86  /linkres:bin\commonservice.pbd /linkres:bin\misservice.pbd "/r:C:\Program Files\Sybase\PowerBuilder 12.0\DotNET\bin\Sybase.PowerBuilder.Core.dll;C:\Program Files\Sybase\PowerBuilder 12.0\DotNET\bin\Sybase.PowerBuilder.Interop.dll;C:\Program Files\Sybase\PowerBuilder 12.0\DotNET\bin\Sybase.PowerBuilder.Common.dll;C:\Program Files\Sybase\PowerBuilder 12.0\DotNET\bin\Sybase.PowerBuilder.Win.dll;C:\Program Files\Sybase\PowerBuilder 12.0\DotNET\bin\Sybase.PowerBuilder.WinWebDataWindowCommon.dll;C:\Program Files\Sybase\PowerBuilder 12.0\DotNET\bin\com.sybase.ejb.net.dll;C:\Program Files\Sybase\PowerBuilder 12.0\DotNET\bin\com.sybase.iiop.net.dll" /out:"bin\pbservice.misservice.dll" *.cs )  else (C:\Windows\Microsoft.NET\Framework\v3.5\csc /t:library /debug /nowarn:1591 /doc:"bin\pbservice.misservice.xml"   /platform:x86  /linkres:bin\commonservice.pbd /linkres:bin\misservice.pbd "/r:C:\Program Files\Sybase\PowerBuilder 12.0\DotNET\bin\Sybase.PowerBuilder.Core.dll;C:\Program Files\Sybase\PowerBuilder 12.0\DotNET\bin\Sybase.PowerBuilder.Interop.dll;C:\Program Files\Sybase\PowerBuilder 12.0\DotNET\bin\Sybase.PowerBuilder.Common.dll;C:\Program Files\Sybase\PowerBuilder 12.0\DotNET\bin\Sybase.PowerBuilder.Win.dll;C:\Program Files\Sybase\PowerBuilder 12.0\DotNET\bin\Sybase.PowerBuilder.WinWebDataWindowCommon.dll;C:\Program Files\Sybase\PowerBuilder 12.0\DotNET\bin\com.sybase.ejb.net.dll;C:\Program Files\Sybase\PowerBuilder 12.0\DotNET\bin\com.sybase.iiop.net.dll" /out:"bin\pbservice.misservice.dll" *.cs  1>"C:\Users\9LordOfArt\Desktop\CAT\Program\PBService\misservice\pb2csdotnettempout\csc_output_file_name.txt" ) 
Build Succeeded.

C:\Users\9LordOfArt\Desktop\CAT\Program\PBService\misservice\pb2csdotnettempout>goto end 

C:\Users\9LordOfArt\Desktop\CAT\Program\PBService\misservice\pb2csdotnettempout>xcopy /D /Y "bin\pbservice.misservice.dll" install\ 
bin\pbservice.misservice.dll
1 File(s) copied

C:\Users\9LordOfArt\Desktop\CAT\Program\PBService\misservice\pb2csdotnettempout>endlocal

C:\Users\9LordOfArt\Desktop\CAT\Program\PBService\misservice\pb2csdotnettempout>if ERRORLEVEL 1 exit 2 

C:\Users\9LordOfArt\Desktop\CAT\Program\PBService\misservice\pb2csdotnettempout>if exist "C:\Users\9LordOfArt\Desktop\CAT\Program\PBService\misservice\pb2csdotnettempout\*.cs" del "C:\Users\9LordOfArt\Desktop\CAT\Program\PBService\misservice\pb2csdotnettempout\*.cs" 

C:\Users\9LordOfArt\Desktop\CAT\Program\PBService\misservice\pb2csdotnettempout>goto end 

C:\Users\9LordOfArt\Desktop\CAT\Program\PBService\misservice\pb2csdotnettempout>endlocal
Generating PowerBuilder .NET assemblies succeeded.
Warning: Cannot copy the log.txt file to the output directory.
