
C:\GCOOP_ALL\FSCT_cha\GCOOP\PBReport\pbreport\pb2csdotnettempout>if "" == "" set NET_FRAMEWORK120=C:\Windows\Microsoft.NET\Framework\v3.5 

C:\GCOOP_ALL\FSCT_cha\GCOOP\PBReport\pbreport\pb2csdotnettempout>C:\Windows\Microsoft.NET\Framework\v3.5\csc
Microsoft (R) Visual C# 2008 Compiler version 3.5.30729.5420
for Microsoft (R) .NET Framework version 3.5
Copyright (C) Microsoft Corporation. All rights reserved.

fatal error CS2008: No inputs specified

C:\GCOOP_ALL\FSCT_cha\GCOOP\PBReport\pbreport\pb2csdotnettempout>if errorlevel 9009 exit 3 

C:\GCOOP_ALL\FSCT_cha\GCOOP\PBReport\pbreport\pb2csdotnettempout>setlocal

C:\GCOOP_ALL\FSCT_cha\GCOOP\PBReport\pbreport\pb2csdotnettempout>if exist "C:\GCOOP_ALL\FSCT_cha\GCOOP\PBReport\pbreport\pb2csdotnettempout\*.cs" del "C:\GCOOP_ALL\FSCT_cha\GCOOP\PBReport\pbreport\pb2csdotnettempout\*.cs" 

C:\GCOOP_ALL\FSCT_cha\GCOOP\PBReport\pbreport\pb2csdotnettempout>rename "C:\GCOOP_ALL\FSCT_cha\GCOOP\PBReport\pbreport\pb2csdotnettempout\AssemblyInfo.bak" "AssemblyInfo.cs" 

C:\GCOOP_ALL\FSCT_cha\GCOOP\PBReport\pbreport\pb2csdotnettempout>"C:\Program Files (x86)\Sybase\PowerBuilder 12.0\DotNET\bin\pb2cs" @"C:\GCOOP_ALL\FSCT_cha\GCOOP\PBReport\pbreport\pb2csdotnettempout\projectinfo.txt" 
n_cst_account_service,n_cst_account_service,of_add_contnext_year:IISI,of_add_contnext_year,,of_add_first_sumleger_period:IIS,of_add_first_sumleger_period,,of_add_new_updatevoucher:ISSS,of_add_new_updatevoucher,,of_add_newaccount_id:ISI,of_add_newaccount_id,,of_cancel_close_month:IIIS,of_cancel_close_month,,of_cancel_closeyear:IIS,of_cancel_closeyear,,of_cancel_post_to_gl:ISSSW,of_cancel_post_to_gl,,of_cancel_voucher:IWSS,of_cancel_voucher,,of_candel_period:III,of_candel_period,,of_candel_year:II,of_candel_year,,of_close_month:IIIS,of_close_month,,of_close_year:IIS,of_close_year,,of_delete_accountid:IS,of_delete_accountid,,of_gen_balance_sheet:ISSSRS,of_gen_balance_sheet,,of_gen_cashflow_sheet:ISSSRS,of_gen_cashflow_sheet,,of_gen_cashpaper_activities:SWWIS,of_gen_cashpaper_activities,,of_gen_cashpaper_drcr:SWWIS,of_gen_cashpaper_drcr,,of_gen_day_journalreport:SWWIS,of_gen_day_journalreport,,of_gen_display_consstant_bs:ISRSRS,of_gen_display_consstant_bs,,of_gen_ledger_report:SWWSSS,of_gen_ledger_report,,of_gen_trial_bs:ISSRS,of_gen_trial_bs,,of_get_account_group:SS,of_get_account_group,,of_get_account_splitactivity:SIIS,of_get_account_splitactivity,,of_get_balance_begin:MSIIS,of_get_balance_begin,,of_get_balance_begin:MSSWS,of_get_balance_begin,,of_get_balance_begin:MSWS,of_get_balance_begin,,of_get_cash_bg_fw:IWSRMRM,of_get_cash_bg_fw,,of_get_cashpaper_detail:SIS,of_get_cashpaper_detail,,of_get_contuseprofit:SII,of_get_contuseprofit,,of_get_list_vcmas_det:ISRSRS,of_get_list_vcmas_det,,of_get_max_period:IIS,of_get_max_period,,of_get_period_date:IIISRWRW,of_get_period_date,,of_get_profit_period:MIIS,of_get_profit_period,,of_get_result_gencash:MSWWIWSI,of_get_result_gencash,,of_get_result_gencash_begin:MSWS,of_get_result_gencash_begin,,of_get_set_formular_fc:ISIRSRS,of_get_set_formular_fc,,of_get_set_formular_sm:ISIRSRS,of_get_set_formular_sm,,of_get_vc_listcancel:IWSRS,of_get_vc_listcancel,,of_get_vcdetail_forset_noncash:SWWS,of_get_vcdetail_forset_noncash,,of_get_vclist_day:IWSRS,of_get_vclist_day,,of_get_vclist_nopost:IWWISRS,of_get_vclist_nopost,,of_init:ICn_cst_dbconnectservice.S,of_init,,of_is_closemonth:IIIS,of_is_closemonth,,of_is_closeyear:IIS,of_is_closeyear,,of_is_headquater:IS,of_is_headquater,,of_is_postall_voucher:ISIS,of_is_postall_voucher,,of_is_postall_voucher:IWWIS,of_is_postall_voucher,,of_isexits_sumledger:ISIIS,of_isexits_sumledger,,of_post_to_gl:ISSS,of_post_to_gl,,of_profit_year:IIIS,of_profit_year,,of_save_account_splitactivity:IS,of_save_account_splitactivity,,of_save_contuseprofit:IS,of_save_contuseprofit,,of_save_exp_bs_sheet_fc:ISSS,of_save_exp_bs_sheet_fc,,of_save_exp_bs_sheet_sm:ISSS,of_save_exp_bs_sheet_sm,,of_save_money_sheet:ISS,of_save_money_sheet,,of_set_default_accountid:IS,of_set_default_accountid,,of_show_bs:ISIISSI,of_show_bs,,of_sum_foradd_profit:IIS,of_sum_foradd_profit,,of_update_accbegin:ISS,of_update_accbegin,,of_update_bs_constant_exp:ISSSI,of_update_bs_constant_exp,,of_update_cashpaper_detail:ISIS,of_update_cashpaper_detail,,of_update_setnoncash_paper:ISWWS,of_update_setnoncash_paper,,
n_cst_base,n_cst_base,of_getdebuglogxml:S,of_getdebuglogxml,,of_getlasterror:Cstr_error.,of_getlasterror,,of_setdebuglog:QRCn_cst_debuglog.,of_setdebuglog,,
n_cst_budget_service,n_cst_budget_service,of_close_month:III,of_close_month,,of_gen_rpt_bfclose_month:SII,of_gen_rpt_bfclose_month,,of_get_bg_movment_month:SIIII,of_get_bg_movment_month,,of_get_bg_movment_month:SIISS,of_get_bg_movment_month,,of_get_bg_movment_year:SIII,of_get_bg_movment_year,,of_get_bg_movment_year:SISS,of_get_bg_movment_year,,of_get_bgtype_nonaccid:S,of_get_bgtype_nonaccid,,of_get_budget_yearlist:S,of_get_budget_yearlist,,of_get_setbudget_amount:SI,of_get_setbudget_amount,,of_get_year_budget:IW,of_get_year_budget,,of_init:ICn_cst_dbconnectservice.,of_init,,of_process_cutpay:SWS,of_process_cutpay,,of_save_budget_amount:IIS,of_save_budget_amount,,of_save_budget_detail:IS,of_save_budget_detail,,of_save_budget_group:IS,of_save_budget_group,,of_save_budget_groupyear:IS,of_save_budget_groupyear,,of_save_budget_type:IS,of_save_budget_type,,of_save_budget_typeyear:IS,of_save_budget_typeyear,,of_save_budget_year:IS,of_save_budget_year,,of_save_closemonth_detail:IS,of_save_closemonth_detail,,of_save_fromcut_pay:IS,of_save_fromcut_pay,,of_save_fromedit_pay:IS,of_save_fromedit_pay,,of_save_slip:ISS,of_save_slip,,
n_cst_datawindowxml,n_cst_datawindowxml,of_getdebuglogxml:S,of_getdebuglogxml,,of_getlasterror:Cstr_error.,of_getlasterror,,of_loadxml:IS,of_loadxml,,of_rowcount:L,of_rowcount,,of_setdebuglog:QRCn_cst_debuglog.,of_setdebuglog,,
n_cst_datawindowxmlrow,n_cst_datawindowxmlrow,of_colcount:L,of_colcount,,of_getdebuglogxml:S,of_getdebuglogxml,,of_getitem:SI,of_getitem,,of_getitemname:SI,of_getitemname,,of_getlasterror:Cstr_error.,of_getlasterror,,of_setdebuglog:QRCn_cst_debuglog.,of_setdebuglog,,of_setxml:ICn_cst_xml.L,of_setxml,,
n_cst_dbconnectservice,n_cst_dbconnectservice,of_connectdb:IS,of_connectdb,,of_disconnectdb:I,of_disconnectdb,,
n_cst_debuglog,n_cst_debuglog,clearlog:Q,clearlog,,getxml:IRS,getxml,,log:QS,log,,logcount:I,logcount,,setdebugmode:QB,setdebugmode,,
n_cst_deposit05,n_cst_deposit05,of_getdebuglogxml:S,of_getdebuglogxml,,of_getlasterror:Cstr_error.,of_getlasterror,,of_getprogress:Cstr_progress.,of_getprogress,,of_setapplication:QS,of_setapplication,,of_setdebuglog:QRCn_cst_debuglog.,of_setdebuglog,,of_setprogress:QRCn_cst_progresscontrol.,of_setprogress,,
n_cst_deposit05_date,n_cst_deposit05_date,of_getdebuglogxml:S,of_getdebuglogxml,,of_getlasterror:Cstr_error.,of_getlasterror,,of_getprogress:Cstr_progress.,of_getprogress,,of_setapplication:QS,of_setapplication,,of_setdebuglog:QRCn_cst_debuglog.,of_setdebuglog,,of_setprogress:QRCn_cst_progresscontrol.,of_setprogress,,
n_cst_deposit05_rdate,n_cst_deposit05_rdate,of_getdebuglogxml:S,of_getdebuglogxml,,of_getlasterror:Cstr_error.,of_getlasterror,,of_getprogress:Cstr_progress.,of_getprogress,,of_setapplication:QS,of_setapplication,,of_setdebuglog:QRCn_cst_debuglog.,of_setdebuglog,,of_setprogress:QRCn_cst_progresscontrol.,of_setprogress,,
n_cst_error,n_cst_error,of_geterror:Cstr_error.,of_geterror,,of_getmessage:S,of_getmessage,,
n_cst_globalvar,n_cst_globalvar,of_getdebuglogxml:S,of_getdebuglogxml,,of_getitem:SS,of_getitem,,of_getitemnumber:DS,of_getitemnumber,,of_getitemnumber_relative:DSD,of_getitemnumber_relative,,of_getitemstring:SS,of_getitemstring,,of_getlasterror:Cstr_error.,of_getlasterror,,of_setdebuglog:QRCn_cst_debuglog.,of_setdebuglog,,of_setitem:ISS,of_setitem,,
n_cst_member_79,n_cst_member_79,of_getdebuglogxml:S,of_getdebuglogxml,,of_getlasterror:Cstr_error.,of_getlasterror,,of_getprogress:Cstr_progress.,of_getprogress,,of_setapplication:QS,of_setapplication,,of_setdebuglog:QRCn_cst_debuglog.,of_setdebuglog,,of_setprogress:QRCn_cst_progresscontrol.,of_setprogress,,
n_cst_mis_emer05,n_cst_mis_emer05,of_getdebuglogxml:S,of_getdebuglogxml,,of_getlasterror:Cstr_error.,of_getlasterror,,of_getprogress:Cstr_progress.,of_getprogress,,of_setapplication:QS,of_setapplication,,of_setdebuglog:QRCn_cst_debuglog.,of_setdebuglog,,of_setprogress:QRCn_cst_progresscontrol.,of_setprogress,,
n_cst_mis_norm01,n_cst_mis_norm01,of_getdebuglogxml:S,of_getdebuglogxml,,of_getlasterror:Cstr_error.,of_getlasterror,,of_getprogress:Cstr_progress.,of_getprogress,,of_setapplication:QS,of_setapplication,,of_setdebuglog:QRCn_cst_debuglog.,of_setdebuglog,,of_setprogress:QRCn_cst_progresscontrol.,of_setprogress,,
n_cst_mis_norm02,n_cst_mis_norm02,of_getdebuglogxml:S,of_getdebuglogxml,,of_getlasterror:Cstr_error.,of_getlasterror,,of_getprogress:Cstr_progress.,of_getprogress,,of_setapplication:QS,of_setapplication,,of_setdebuglog:QRCn_cst_debuglog.,of_setdebuglog,,of_setprogress:QRCn_cst_progresscontrol.,of_setprogress,,
n_cst_permistion,n_cst_permistion,of_getdebuglogxml:S,of_getdebuglogxml,,of_getlasterror:Cstr_error.,of_getlasterror,,of_getprogress:Cstr_progress.,of_getprogress,,of_setapplication:QS,of_setapplication,,of_setdebuglog:QRCn_cst_debuglog.,of_setdebuglog,,of_setprogress:QRCn_cst_progresscontrol.,of_setprogress,,
n_cst_progresscontrol,n_cst_progresscontrol,of_get_progress:Cstr_progress.,of_get_progress,,of_is_stop:B,of_is_stop,,of_stop_process:I,of_stop_process,,
n_cst_reportservice,n_cst_reportservice,of_getdebuglogxml:S,of_getdebuglogxml,,of_getlasterror:Cstr_error.,of_getlasterror,,of_getprogress:QRCn_cst_progresscontrol.,of_getprogress,,of_getreportdetail:Cstr_webreportdetail.SSS,of_getreportdetail,,of_getreportpdfpath:S,of_getreportpdfpath,,of_getreportpdfurl:S,of_getreportpdfurl,,of_report_print:ISSSSSS,of_report_print,,of_report_print_pdf:ISSSSSS,of_report_print_pdf,,of_report_xml:SSSSS,of_report_xml,,of_setdebuglog:QRCn_cst_debuglog.,of_setdebuglog,,of_setprogress:QRCn_cst_progresscontrol.,of_setprogress,,of_settrans:IRCn_cst_dbconnectservice.,of_settrans,,of_testconnection:I,of_testconnection,,of_waitfilegrowing:QS,of_waitfilegrowing,,
n_cst_reqloan_emer0203,n_cst_reqloan_emer0203,of_getdebuglogxml:S,of_getdebuglogxml,,of_getlasterror:Cstr_error.,of_getlasterror,,of_getprogress:Cstr_progress.,of_getprogress,,of_setapplication:QS,of_setapplication,,of_setdebuglog:QRCn_cst_debuglog.,of_setdebuglog,,of_setprogress:QRCn_cst_progresscontrol.,of_setprogress,,
n_cst_reqloan_emer0203_2,n_cst_reqloan_emer0203_2,of_getdebuglogxml:S,of_getdebuglogxml,,of_getlasterror:Cstr_error.,of_getlasterror,,of_getprogress:Cstr_progress.,of_getprogress,,of_setapplication:QS,of_setapplication,,of_setdebuglog:QRCn_cst_debuglog.,of_setdebuglog,,of_setprogress:QRCn_cst_progresscontrol.,of_setprogress,,
n_cst_reqloan_norm03,n_cst_reqloan_norm03,of_getdebuglogxml:S,of_getdebuglogxml,,of_getlasterror:Cstr_error.,of_getlasterror,,of_getprogress:Cstr_progress.,of_getprogress,,of_setapplication:QS,of_setapplication,,of_setdebuglog:QRCn_cst_debuglog.,of_setdebuglog,,of_setprogress:QRCn_cst_progresscontrol.,of_setprogress,,
n_cst_reqloan_norm04,n_cst_reqloan_norm04,of_getdebuglogxml:S,of_getdebuglogxml,,of_getlasterror:Cstr_error.,of_getlasterror,,of_getprogress:Cstr_progress.,of_getprogress,,of_setapplication:QS,of_setapplication,,of_setdebuglog:QRCn_cst_debuglog.,of_setdebuglog,,of_setprogress:QRCn_cst_progresscontrol.,of_setprogress,,
n_cst_reqloan_norm04_2,n_cst_reqloan_norm04_2,of_getdebuglogxml:S,of_getdebuglogxml,,of_getlasterror:Cstr_error.,of_getlasterror,,of_getprogress:Cstr_progress.,of_getprogress,,of_setapplication:QS,of_setapplication,,of_setdebuglog:QRCn_cst_debuglog.,of_setdebuglog,,of_setprogress:QRCn_cst_progresscontrol.,of_setprogress,,
n_cst_reqloan_norm05,n_cst_reqloan_norm05,of_getdebuglogxml:S,of_getdebuglogxml,,of_getlasterror:Cstr_error.,of_getlasterror,,of_getprogress:Cstr_progress.,of_getprogress,,of_setapplication:QS,of_setapplication,,of_setdebuglog:QRCn_cst_debuglog.,of_setdebuglog,,of_setprogress:QRCn_cst_progresscontrol.,of_setprogress,,
n_cst_reqloan_norm05_2,n_cst_reqloan_norm05_2,of_getdebuglogxml:S,of_getdebuglogxml,,of_getlasterror:Cstr_error.,of_getlasterror,,of_getprogress:Cstr_progress.,of_getprogress,,of_setapplication:QS,of_setapplication,,of_setdebuglog:QRCn_cst_debuglog.,of_setdebuglog,,of_setprogress:QRCn_cst_progresscontrol.,of_setprogress,,
n_cst_reqloan_norm05_2new,n_cst_reqloan_norm05_2new,of_getdebuglogxml:S,of_getdebuglogxml,,of_getlasterror:Cstr_error.,of_getlasterror,,of_getprogress:Cstr_progress.,of_getprogress,,of_setapplication:QS,of_setapplication,,of_setdebuglog:QRCn_cst_debuglog.,of_setdebuglog,,of_setprogress:QRCn_cst_progresscontrol.,of_setprogress,,
n_cst_reqloan_share_05_1,n_cst_reqloan_share_05_1,of_getdebuglogxml:S,of_getdebuglogxml,,of_getlasterror:Cstr_error.,of_getlasterror,,of_getprogress:Cstr_progress.,of_getprogress,,of_setapplication:QS,of_setapplication,,of_setdebuglog:QRCn_cst_debuglog.,of_setdebuglog,,of_setprogress:QRCn_cst_progresscontrol.,of_setprogress,,
n_cst_reqloan_share_05_2,n_cst_reqloan_share_05_2,of_getdebuglogxml:S,of_getdebuglogxml,,of_getlasterror:Cstr_error.,of_getlasterror,,of_getprogress:Cstr_progress.,of_getprogress,,of_setapplication:QS,of_setapplication,,of_setdebuglog:QRCn_cst_debuglog.,of_setdebuglog,,of_setprogress:QRCn_cst_progresscontrol.,of_setprogress,,
n_cst_reqloan_stat,n_cst_reqloan_stat,of_getdebuglogxml:S,of_getdebuglogxml,,of_getlasterror:Cstr_error.,of_getlasterror,,of_getprogress:Cstr_progress.,of_getprogress,,of_setapplication:QS,of_setapplication,,of_setdebuglog:QRCn_cst_debuglog.,of_setdebuglog,,of_setprogress:QRCn_cst_progresscontrol.,of_setprogress,,
n_cst_reqloan_stat_09,n_cst_reqloan_stat_09,of_getdebuglogxml:S,of_getdebuglogxml,,of_getlasterror:Cstr_error.,of_getlasterror,,of_getprogress:Cstr_progress.,of_getprogress,,of_setapplication:QS,of_setapplication,,of_setdebuglog:QRCn_cst_debuglog.,of_setdebuglog,,of_setprogress:QRCn_cst_progresscontrol.,of_setprogress,,
n_cst_reqloan_stat_choose,n_cst_reqloan_stat_choose,of_getdebuglogxml:S,of_getdebuglogxml,,of_getlasterror:Cstr_error.,of_getlasterror,,of_getprogress:Cstr_progress.,of_getprogress,,of_setapplication:QS,of_setapplication,,of_setdebuglog:QRCn_cst_debuglog.,of_setdebuglog,,of_setprogress:QRCn_cst_progresscontrol.,of_setprogress,,
n_cst_reqloan_stat_choose_2,n_cst_reqloan_stat_choose_2,of_getdebuglogxml:S,of_getdebuglogxml,,of_getlasterror:Cstr_error.,of_getlasterror,,of_getprogress:Cstr_progress.,of_getprogress,,of_setapplication:QS,of_setapplication,,of_setdebuglog:QRCn_cst_debuglog.,of_setdebuglog,,of_setprogress:QRCn_cst_progresscontrol.,of_setprogress,,
n_cst_reqloan_stat_emer01,n_cst_reqloan_stat_emer01,of_getdebuglogxml:S,of_getdebuglogxml,,of_getlasterror:Cstr_error.,of_getlasterror,,of_getprogress:Cstr_progress.,of_getprogress,,of_setapplication:QS,of_setapplication,,of_setdebuglog:QRCn_cst_debuglog.,of_setdebuglog,,of_setprogress:QRCn_cst_progresscontrol.,of_setprogress,,
n_cst_reqloan_stat_spec01,n_cst_reqloan_stat_spec01,of_getdebuglogxml:S,of_getdebuglogxml,,of_getlasterror:Cstr_error.,of_getlasterror,,of_getprogress:Cstr_progress.,of_getprogress,,of_setapplication:QS,of_setapplication,,of_setdebuglog:QRCn_cst_debuglog.,of_setdebuglog,,of_setprogress:QRCn_cst_progresscontrol.,of_setprogress,,
n_cst_rptcreator_ac_cashflow_atv,n_cst_rptcreator_ac_cashflow_atv,of_getdebuglogxml:S,of_getdebuglogxml,,of_getlasterror:Cstr_error.,of_getlasterror,,of_getprogress:Cstr_progress.,of_getprogress,,of_setapplication:QS,of_setapplication,,of_setdebuglog:QRCn_cst_debuglog.,of_setdebuglog,,of_setprogress:QRCn_cst_progresscontrol.,of_setprogress,,
n_cst_rptcreator_ac_cashflow_drcr,n_cst_rptcreator_ac_cashflow_drcr,of_getdebuglogxml:S,of_getdebuglogxml,,of_getlasterror:Cstr_error.,of_getlasterror,,of_getprogress:Cstr_progress.,of_getprogress,,of_setapplication:QS,of_setapplication,,of_setdebuglog:QRCn_cst_debuglog.,of_setdebuglog,,of_setprogress:QRCn_cst_progresscontrol.,of_setprogress,,
n_cst_rptcreator_ac_journal,n_cst_rptcreator_ac_journal,of_getdebuglogxml:S,of_getdebuglogxml,,of_getlasterror:Cstr_error.,of_getlasterror,,of_getprogress:Cstr_progress.,of_getprogress,,of_setapplication:QS,of_setapplication,,of_setdebuglog:QRCn_cst_debuglog.,of_setdebuglog,,of_setprogress:QRCn_cst_progresscontrol.,of_setprogress,,
n_cst_rptcreator_ac_ledger,n_cst_rptcreator_ac_ledger,of_getdebuglogxml:S,of_getdebuglogxml,,of_getlasterror:Cstr_error.,of_getlasterror,,of_getprogress:Cstr_progress.,of_getprogress,,of_setapplication:QS,of_setapplication,,of_setdebuglog:QRCn_cst_debuglog.,of_setdebuglog,,of_setprogress:QRCn_cst_progresscontrol.,of_setprogress,,
n_cst_rptcreator_ac_pl,n_cst_rptcreator_ac_pl,of_get_hddata:IIIRSRS,of_get_hddata,,of_getdebuglogxml:S,of_getdebuglogxml,,of_getlasterror:Cstr_error.,of_getlasterror,,of_getprogress:Cstr_progress.,of_getprogress,,of_setapplication:QS,of_setapplication,,of_setdebuglog:QRCn_cst_debuglog.,of_setdebuglog,,of_setprogress:QRCn_cst_progresscontrol.,of_setprogress,,
n_cst_rptcreator_ac_trilebalance,n_cst_rptcreator_ac_trilebalance,of_getdebuglogxml:S,of_getdebuglogxml,,of_getlasterror:Cstr_error.,of_getlasterror,,of_getprogress:Cstr_progress.,of_getprogress,,of_setapplication:QS,of_setapplication,,of_setdebuglog:QRCn_cst_debuglog.,of_setdebuglog,,of_setprogress:QRCn_cst_progresscontrol.,of_setprogress,,
n_cst_rptcreator_ac_vcslip,n_cst_rptcreator_ac_vcslip,of_getdebuglogxml:S,of_getdebuglogxml,,of_getlasterror:Cstr_error.,of_getlasterror,,of_getprogress:Cstr_progress.,of_getprogress,,of_setapplication:QS,of_setapplication,,of_setdebuglog:QRCn_cst_debuglog.,of_setdebuglog,,of_setprogress:QRCn_cst_progresscontrol.,of_setprogress,,
n_cst_rptcreator_base,n_cst_rptcreator_base,of_getdebuglogxml:S,of_getdebuglogxml,,of_getlasterror:Cstr_error.,of_getlasterror,,of_getprogress:Cstr_progress.,of_getprogress,,of_setapplication:QS,of_setapplication,,of_setdebuglog:QRCn_cst_debuglog.,of_setdebuglog,,of_setprogress:QRCn_cst_progresscontrol.,of_setprogress,,
n_cst_rptcreator_bg_bfclose_month,n_cst_rptcreator_bg_bfclose_month,of_get_hddata:IIIRSRS,of_get_hddata,,of_getdebuglogxml:S,of_getdebuglogxml,,of_getlasterror:Cstr_error.,of_getlasterror,,of_getprogress:Cstr_progress.,of_getprogress,,of_setapplication:QS,of_setapplication,,of_setdebuglog:QRCn_cst_debuglog.,of_setdebuglog,,of_setprogress:QRCn_cst_progresscontrol.,of_setprogress,,
n_cst_rptcreator_bg_movmonth,n_cst_rptcreator_bg_movmonth,of_get_hddata:IIIRSRS,of_get_hddata,,of_getdebuglogxml:S,of_getdebuglogxml,,of_getlasterror:Cstr_error.,of_getlasterror,,of_getprogress:Cstr_progress.,of_getprogress,,of_setapplication:QS,of_setapplication,,of_setdebuglog:QRCn_cst_debuglog.,of_setdebuglog,,of_setprogress:QRCn_cst_progresscontrol.,of_setprogress,,
n_cst_rptcreator_default,n_cst_rptcreator_default,of_getdebuglogxml:S,of_getdebuglogxml,,of_getlasterror:Cstr_error.,of_getlasterror,,of_getprogress:Cstr_progress.,of_getprogress,,of_setapplication:QS,of_setapplication,,of_setdebuglog:QRCn_cst_debuglog.,of_setdebuglog,,of_setprogress:QRCn_cst_progresscontrol.,of_setprogress,,
n_cst_rptcreator_mblnemer_daily05,n_cst_rptcreator_mblnemer_daily05,of_getdebuglogxml:S,of_getdebuglogxml,,of_getlasterror:Cstr_error.,of_getlasterror,,of_getprogress:Cstr_progress.,of_getprogress,,of_setapplication:QS,of_setapplication,,of_setdebuglog:QRCn_cst_debuglog.,of_setdebuglog,,of_setprogress:QRCn_cst_progresscontrol.,of_setprogress,,of_setuserid:QS,of_setuserid,,
n_cst_rptcreator_sl_reqloan_moneytype_chq,n_cst_rptcreator_sl_reqloan_moneytype_chq,of_getdebuglogxml:S,of_getdebuglogxml,,of_getlasterror:Cstr_error.,of_getlasterror,,of_getprogress:Cstr_progress.,of_getprogress,,of_setapplication:QS,of_setapplication,,of_setdebuglog:QRCn_cst_debuglog.,of_setdebuglog,,of_setprogress:QRCn_cst_progresscontrol.,of_setprogress,,of_setuserid:QS,of_setuserid,,
n_cst_rptday0050_payment,n_cst_rptday0050_payment,of_getdebuglogxml:S,of_getdebuglogxml,,of_getlasterror:Cstr_error.,of_getlasterror,,of_getprogress:Cstr_progress.,of_getprogress,,of_procrepslippayin:IWWS,of_procrepslippayin,,of_setapplication:QS,of_setapplication,,of_setdebuglog:QRCn_cst_debuglog.,of_setdebuglog,,of_setprogress:QRCn_cst_progresscontrol.,of_setprogress,,
n_cst_rptkeep_detail,n_cst_rptkeep_detail,of_getdebuglogxml:S,of_getdebuglogxml,,of_getlasterror:Cstr_error.,of_getlasterror,,of_getprogress:Cstr_progress.,of_getprogress,,of_setapplication:QS,of_setapplication,,of_setdebuglog:QRCn_cst_debuglog.,of_setdebuglog,,of_setprogress:QRCn_cst_progresscontrol.,of_setprogress,,
n_cst_share_06,n_cst_share_06,of_getdebuglogxml:S,of_getdebuglogxml,,of_getlasterror:Cstr_error.,of_getlasterror,,of_getprogress:Cstr_progress.,of_getprogress,,of_setapplication:QS,of_setapplication,,of_setdebuglog:QRCn_cst_debuglog.,of_setdebuglog,,of_setprogress:QRCn_cst_progresscontrol.,of_setprogress,,
n_cst_share_06_2,n_cst_share_06_2,of_getdebuglogxml:S,of_getdebuglogxml,,of_getlasterror:Cstr_error.,of_getlasterror,,of_getprogress:Cstr_progress.,of_getprogress,,of_setapplication:QS,of_setapplication,,of_setdebuglog:QRCn_cst_debuglog.,of_setdebuglog,,of_setprogress:QRCn_cst_progresscontrol.,of_setprogress,,
n_cst_share_09,n_cst_share_09,of_getdebuglogxml:S,of_getdebuglogxml,,of_getlasterror:Cstr_error.,of_getlasterror,,of_getprogress:Cstr_progress.,of_getprogress,,of_setapplication:QS,of_setapplication,,of_setdebuglog:QRCn_cst_debuglog.,of_setdebuglog,,of_setprogress:QRCn_cst_progresscontrol.,of_setprogress,,
n_cst_shareamt,n_cst_shareamt,of_getdebuglogxml:S,of_getdebuglogxml,,of_getlasterror:Cstr_error.,of_getlasterror,,of_getprogress:Cstr_progress.,of_getprogress,,of_setapplication:QS,of_setapplication,,of_setdebuglog:QRCn_cst_debuglog.,of_setdebuglog,,of_setprogress:QRCn_cst_progresscontrol.,of_setprogress,,
n_cst_shareamt_2,n_cst_shareamt_2,of_getdebuglogxml:S,of_getdebuglogxml,,of_getlasterror:Cstr_error.,of_getlasterror,,of_getprogress:Cstr_progress.,of_getprogress,,of_setapplication:QS,of_setapplication,,of_setdebuglog:QRCn_cst_debuglog.,of_setdebuglog,,of_setprogress:QRCn_cst_progresscontrol.,of_setprogress,,
n_cst_shrloan_contcoll,n_cst_shrloan_contcoll,of_getdebuglogxml:S,of_getdebuglogxml,,of_getlasterror:Cstr_error.,of_getlasterror,,of_getprogress:Cstr_progress.,of_getprogress,,of_setapplication:QS,of_setapplication,,of_setdebuglog:QRCn_cst_debuglog.,of_setdebuglog,,of_setprogress:QRCn_cst_progresscontrol.,of_setprogress,,
n_cst_shrlon_stopshare,n_cst_shrlon_stopshare,of_getdebuglogxml:S,of_getdebuglogxml,,of_getlasterror:Cstr_error.,of_getlasterror,,of_getprogress:Cstr_progress.,of_getprogress,,of_setapplication:QS,of_setapplication,,of_setdebuglog:QRCn_cst_debuglog.,of_setdebuglog,,of_setprogress:QRCn_cst_progresscontrol.,of_setprogress,,
n_cst_shrlon_sumslip,n_cst_shrlon_sumslip,of_getdebuglogxml:S,of_getdebuglogxml,,of_getlasterror:Cstr_error.,of_getlasterror,,of_getprogress:Cstr_progress.,of_getprogress,,of_setapplication:QS,of_setapplication,,of_setdebuglog:QRCn_cst_debuglog.,of_setdebuglog,,of_setprogress:QRCn_cst_progresscontrol.,of_setprogress,,
n_cst_stdcriteria,n_cst_stdcriteria,of_argcount:I,of_argcount,,of_getargdatetime:WI,of_getargdatetime,,of_getargnumber:DI,of_getargnumber,,of_getargstring:SI,of_getargstring,,of_getargvalue:AI,of_getargvalue,,of_setxml:IS,of_setxml,,
n_cst_thailibservice,n_cst_thailibservice,of_readthaibaht:SM,of_readthaibaht,,
n_cst_xml,n_cst_xml,
n_cst_xmlconfig,n_cst_xmlconfig,of_getconstantdesc:SS,of_getconstantdesc,,of_getconstantvalue:SS,of_getconstantvalue,,of_getdataobject:SS,of_getdataobject,,of_getdebuglogxml:S,of_getdebuglogxml,,of_getlasterror:Cstr_error.,of_getlasterror,,of_getxml:S,of_getxml,,of_getxmlfilename:SS,of_getxmlfilename,,of_loadxml:IS,of_loadxml,,of_setdebuglog:QRCn_cst_debuglog.,of_setdebuglog,,
str_error,str_error,
str_progress,str_progress,
str_webreportdetail,str_webreportdetail,
Type-checking (pass 1) system (system)
Parsing c:\gcoop_all\fsct_cha\gcoop\pbreport\pbreport\pbreport.pbl (assembly)
Parsing c:\gcoop_all\fsct_cha\gcoop\pbreport\accountservice\accountservice.pbl (n_cst_account_service)
Parsing c:\gcoop_all\fsct_cha\gcoop\pbreport\accountservice\accountservice.pbl (n_cst_account_prepare_vc_service)
Parsing c:\gcoop_all\fsct_cha\gcoop\pbreport\commonservice\commonservice.pbl (n_cst_doccontrolservice)
Parsing c:\gcoop_all\fsct_cha\gcoop\pbreport\commonservice\commonservice.pbl (n_cst_datetimeservice)
Parsing c:\gcoop_all\fsct_cha\gcoop\pbreport\commonservice\commonservice.pbl (n_cst_stringservice)
Parsing c:\gcoop_all\fsct_cha\gcoop\pbreport\commonservice\commonservice.pbl (n_cst_dbconnectservice)
Parsing c:\gcoop_all\fsct_cha\gcoop\pbreport\commonservice\commonservice.pbl (n_cst_calendarservice)
Parsing c:\gcoop_all\fsct_cha\gcoop\pbreport\commonservice\commonservice.pbl (n_cst_thailibservice)
Parsing c:\gcoop_all\fsct_cha\gcoop\pbreport\commonservice\commonservice.pbl (n_cst_progresscontrol)
Parsing c:\gcoop_all\fsct_cha\gcoop\pbreport\commonservice\commonservice.pbl (str_progress)
Parsing c:\gcoop_all\fsct_cha\gcoop\pbreport\commonservice\commonservice.pbl (n_ds)
Parsing c:\gcoop_all\fsct_cha\gcoop\pbreport\commonservice\commonservice.pbl (n_cst_utility)
Parsing c:\gcoop_all\fsct_cha\gcoop\pbreport\commonservice\commonservice.pbl (n_cst_error)
Parsing c:\gcoop_all\fsct_cha\gcoop\pbreport\commonservice\commonservice.pbl (n_cst_base)
Parsing c:\gcoop_all\fsct_cha\gcoop\pbreport\commonservice\commonservice.pbl (str_error)
Parsing c:\gcoop_all\fsct_cha\gcoop\pbreport\commonservice\commonservice.pbl (n_cst_globalvar)
Parsing c:\gcoop_all\fsct_cha\gcoop\pbreport\commonservice\commonservice.pbl (n_cst_bankservice)
Parsing c:\gcoop_all\fsct_cha\gcoop\pbreport\commonservice\commonservice.pbl (f_read_thaibaht)
Parsing c:\gcoop_all\fsct_cha\gcoop\pbreport\xmlconfservice\xmlconfservice.pbl (n_cst_xmlconfig)
Parsing c:\gcoop_all\fsct_cha\gcoop\pbreport\xmlconfservice\xmlconfservice.pbl (n_cst_datawindowxml)
Parsing c:\gcoop_all\fsct_cha\gcoop\pbreport\xmlconfservice\xmlconfservice.pbl (n_cst_datawindowxmlrow)
Parsing c:\gcoop_all\fsct_cha\gcoop\pbreport\xmlconfservice\xmlconfservice.pbl (n_cst_xml)
Parsing c:\gcoop_all\fsct_cha\gcoop\pbreport\reportservice\reportservice.pbl (n_cst_reportservice)
Parsing c:\gcoop_all\fsct_cha\gcoop\pbreport\reportservice\reportservice.pbl (str_webreportdetail)
Parsing c:\gcoop_all\fsct_cha\gcoop\pbreport\reportservice\reportservice.pbl (n_cst_stdcriteria)
Parsing c:\gcoop_all\fsct_cha\gcoop\pbreport\reportservice\reportservice.pbl (n_cst_rptcreator_base)
Parsing c:\gcoop_all\fsct_cha\gcoop\pbreport\reportservice\reportservice.pbl (n_cst_rptcreator_default)
Parsing c:\gcoop_all\fsct_cha\gcoop\pbreport\reportservice\reportservice.pbl (n_cst_datastore_progress)
Parsing c:\gcoop_all\fsct_cha\gcoop\pbreport\reportservice\reportservice.pbl (n_cst_rptkeep_detail)
Parsing c:\gcoop_all\fsct_cha\gcoop\pbreport\printservice\printservice.pbl (n_cst_printservice)
Parsing c:\gcoop_all\fsct_cha\gcoop\pbreport\logservice\logservice.pbl (n_cst_debuglog)
Parsing c:\gcoop_all\fsct_cha\gcoop\pbreport\logservice\logservice.pbl (n_cst_audit)
Parsing c:\gcoop_all\fsct_cha\gcoop\pbreport\reportservice\reportexpress.pbl (f_cal_membage)
Parsing c:\gcoop_all\fsct_cha\gcoop\pbreport\reportservice\reportaccount.pbl (n_cst_rptcreator_ac_trilebalance)
Parsing c:\gcoop_all\fsct_cha\gcoop\pbreport\reportservice\reportaccount.pbl (n_cst_rptcreator_ac_vcslip)
Parsing c:\gcoop_all\fsct_cha\gcoop\pbreport\reportservice\reportaccount.pbl (f_acc_conmonthdate_thai_full_trim)
Parsing c:\gcoop_all\fsct_cha\gcoop\pbreport\reportservice\reportaccount.pbl (f_cnv_tothai_longdate)
Parsing c:\gcoop_all\fsct_cha\gcoop\pbreport\reportservice\reportaccount.pbl (f_get_monthname_th)
Parsing c:\gcoop_all\fsct_cha\gcoop\pbreport\reportservice\reportaccount.pbl (f_lastdate_ofmonth)
Parsing c:\gcoop_all\fsct_cha\gcoop\pbreport\reportservice\reportaccount.pbl (n_cst_rptcreator_ac_journal)
Parsing c:\gcoop_all\fsct_cha\gcoop\pbreport\reportservice\reportaccount.pbl (n_cst_rptcreator_ac_ledger)
Parsing c:\gcoop_all\fsct_cha\gcoop\pbreport\reportservice\reportaccount.pbl (n_cst_rptcreator_ac_cashflow_atv)
Parsing c:\gcoop_all\fsct_cha\gcoop\pbreport\reportservice\reportaccount.pbl (n_cst_rptcreator_ac_cashflow_drcr)
Parsing c:\gcoop_all\fsct_cha\gcoop\pbreport\reportservice\reportaccount.pbl (n_cst_rptcreator_ac_pl)
Parsing c:\gcoop_all\fsct_cha\gcoop\pbreport\reportservice\reportkeeping.pbl (n_cst_member_79)
Parsing c:\gcoop_all\fsct_cha\gcoop\pbreport\reportservice\reportkeeping.pbl (n_cst_rptkeep_detail_new)
Parsing c:\gcoop_all\fsct_cha\gcoop\pbreport\reportservice\reportshrlon.pbl (n_cst_shrlon_sumslip)
Parsing c:\gcoop_all\fsct_cha\gcoop\pbreport\reportservice\reportshrlon.pbl (n_cst_shrlon_stopshare)
Parsing c:\gcoop_all\fsct_cha\gcoop\pbreport\reportservice\reportshrlon.pbl (n_cst_shrloan_contcoll)
Parsing c:\gcoop_all\fsct_cha\gcoop\pbreport\reportservice\reportshrlon.pbl (n_cst_rptday0050_payment)
Parsing c:\gcoop_all\fsct_cha\gcoop\pbreport\reportservice\reportshrlon.pbl (n_cst_rptcreator_sl_reqloan_moneytype_chq)
Parsing c:\gcoop_all\fsct_cha\gcoop\pbreport\reportservice\reportshrlon.pbl (n_cst_rptcreator_mblnemer_daily05)
Parsing c:\gcoop_all\fsct_cha\gcoop\pbreport\reportservice\reportbudget.pbl (n_cst_rptcreator_bg_bfclose_month)
Parsing c:\gcoop_all\fsct_cha\gcoop\pbreport\reportservice\reportbudget.pbl (n_cst_rptcreator_bg_movmonth)
Parsing c:\gcoop_all\fsct_cha\gcoop\pbreport\reportservice\reportmis.pbl (n_cst_reqloan_share_05_1)
Parsing c:\gcoop_all\fsct_cha\gcoop\pbreport\reportservice\reportmis.pbl (n_cst_reqloan_share_05_2)
Parsing c:\gcoop_all\fsct_cha\gcoop\pbreport\reportservice\reportmis.pbl (n_cst_reqloan_stat)
Parsing c:\gcoop_all\fsct_cha\gcoop\pbreport\reportservice\reportmis.pbl (n_cst_reqloan_stat_09)
Parsing c:\gcoop_all\fsct_cha\gcoop\pbreport\reportservice\reportmis.pbl (n_cst_reqloan_stat_10)
Parsing c:\gcoop_all\fsct_cha\gcoop\pbreport\reportservice\reportmis.pbl (n_cst_reqloan_stat_choose)
Parsing c:\gcoop_all\fsct_cha\gcoop\pbreport\reportservice\reportmis.pbl (n_cst_reqloan_stat_emer01)
Parsing c:\gcoop_all\fsct_cha\gcoop\pbreport\reportservice\reportmis.pbl (n_cst_reqloan_stat_spec01)
Parsing c:\gcoop_all\fsct_cha\gcoop\pbreport\reportservice\reportmis.pbl (n_cst_shareamt)
Parsing c:\gcoop_all\fsct_cha\gcoop\pbreport\reportservice\reportmis.pbl (n_cst_share_06)
Parsing c:\gcoop_all\fsct_cha\gcoop\pbreport\reportservice\reportmis.pbl (n_cst_share_09)
Parsing c:\gcoop_all\fsct_cha\gcoop\pbreport\reportservice\reportmis.pbl (n_cst_reqloan_stat_choose_2)
Parsing c:\gcoop_all\fsct_cha\gcoop\pbreport\reportservice\reportmis.pbl (n_cst_share_06_2)
Parsing c:\gcoop_all\fsct_cha\gcoop\pbreport\reportservice\reportmis.pbl (n_cst_reqloan_norm05_2new)
Parsing c:\gcoop_all\fsct_cha\gcoop\pbreport\reportservice\reportmis.pbl (n_cst_reqloan_norm05_2)
Parsing c:\gcoop_all\fsct_cha\gcoop\pbreport\reportservice\reportmis.pbl (n_cst_mis_norm01)
Parsing c:\gcoop_all\fsct_cha\gcoop\pbreport\reportservice\reportmis.pbl (n_cst_reqloan_emer0203)
Parsing c:\gcoop_all\fsct_cha\gcoop\pbreport\reportservice\reportmis.pbl (n_cst_mis_norm02)
Parsing c:\gcoop_all\fsct_cha\gcoop\pbreport\reportservice\reportmis.pbl (n_cst_reqloan_norm04)
Parsing c:\gcoop_all\fsct_cha\gcoop\pbreport\reportservice\reportmis.pbl (n_cst_reqloan_norm03)
Parsing c:\gcoop_all\fsct_cha\gcoop\pbreport\reportservice\reportmis.pbl (n_cst_mis_emer05)
Parsing c:\gcoop_all\fsct_cha\gcoop\pbreport\reportservice\reportmis.pbl (n_cst_reqloan_emer0203_2)
Parsing c:\gcoop_all\fsct_cha\gcoop\pbreport\reportservice\reportmis.pbl (n_cst_deposit05)
Parsing c:\gcoop_all\fsct_cha\gcoop\pbreport\reportservice\reportmis.pbl (n_cst_deposit05_date)
Parsing c:\gcoop_all\fsct_cha\gcoop\pbreport\reportservice\reportmis.pbl (n_cst_deposit05_rdate)
Parsing c:\gcoop_all\fsct_cha\gcoop\pbreport\reportservice\reportmis.pbl (n_cst_permistion)
Parsing c:\gcoop_all\fsct_cha\gcoop\pbreport\reportservice\reportmis.pbl (n_cst_reqloan_norm04_2)
Parsing c:\gcoop_all\fsct_cha\gcoop\pbreport\reportservice\reportmis.pbl (n_cst_reqloan_norm05)
Parsing c:\gcoop_all\fsct_cha\gcoop\pbreport\reportservice\reportmis.pbl (n_cst_shareamt_2)
Parsing c:\gcoop_all\fsct_cha\gcoop\pbreport\budgetservice\budget_service.pbl (n_cst_budget_service)
Type-checking (pass 1) c:\gcoop_all\fsct_cha\gcoop\pbreport\pbreport\pbreport.pbl (assembly)
Type-checking (pass 1) c:\gcoop_all\fsct_cha\gcoop\pbreport\reportservice\reportaccount.pbl (f_acc_conmonthdate_thai_full_trim)
Type-checking (pass 1) c:\gcoop_all\fsct_cha\gcoop\pbreport\reportservice\reportexpress.pbl (f_cal_membage)
Type-checking (pass 1) c:\gcoop_all\fsct_cha\gcoop\pbreport\reportservice\reportaccount.pbl (f_cnv_tothai_longdate)
Type-checking (pass 1) c:\gcoop_all\fsct_cha\gcoop\pbreport\reportservice\reportaccount.pbl (f_get_monthname_th)
Type-checking (pass 1) c:\gcoop_all\fsct_cha\gcoop\pbreport\reportservice\reportaccount.pbl (f_lastdate_ofmonth)
Type-checking (pass 1) c:\gcoop_all\fsct_cha\gcoop\pbreport\commonservice\commonservice.pbl (f_read_thaibaht)
Type-checking (pass 1) c:\gcoop_all\fsct_cha\gcoop\pbreport\accountservice\accountservice.pbl (n_cst_account_prepare_vc_service)
Type-checking (pass 1) c:\gcoop_all\fsct_cha\gcoop\pbreport\accountservice\accountservice.pbl (n_cst_account_service)
Type-checking (pass 1) c:\gcoop_all\fsct_cha\gcoop\pbreport\logservice\logservice.pbl (n_cst_audit)
Type-checking (pass 1) c:\gcoop_all\fsct_cha\gcoop\pbreport\commonservice\commonservice.pbl (n_cst_bankservice)
Type-checking (pass 1) c:\gcoop_all\fsct_cha\gcoop\pbreport\commonservice\commonservice.pbl (n_cst_base)
Type-checking (pass 1) c:\gcoop_all\fsct_cha\gcoop\pbreport\budgetservice\budget_service.pbl (n_cst_budget_service)
Type-checking (pass 1) c:\gcoop_all\fsct_cha\gcoop\pbreport\commonservice\commonservice.pbl (n_cst_calendarservice)
Type-checking (pass 1) c:\gcoop_all\fsct_cha\gcoop\pbreport\reportservice\reportservice.pbl (n_cst_datastore_progress)
Type-checking (pass 1) c:\gcoop_all\fsct_cha\gcoop\pbreport\xmlconfservice\xmlconfservice.pbl (n_cst_datawindowxml)
Type-checking (pass 1) c:\gcoop_all\fsct_cha\gcoop\pbreport\xmlconfservice\xmlconfservice.pbl (n_cst_datawindowxmlrow)
Type-checking (pass 1) c:\gcoop_all\fsct_cha\gcoop\pbreport\commonservice\commonservice.pbl (n_cst_datetimeservice)
Type-checking (pass 1) c:\gcoop_all\fsct_cha\gcoop\pbreport\commonservice\commonservice.pbl (n_cst_dbconnectservice)
Type-checking (pass 1) c:\gcoop_all\fsct_cha\gcoop\pbreport\logservice\logservice.pbl (n_cst_debuglog)
Type-checking (pass 1) c:\gcoop_all\fsct_cha\gcoop\pbreport\reportservice\reportmis.pbl (n_cst_deposit05)
Type-checking (pass 1) c:\gcoop_all\fsct_cha\gcoop\pbreport\reportservice\reportmis.pbl (n_cst_deposit05_date)
Type-checking (pass 1) c:\gcoop_all\fsct_cha\gcoop\pbreport\reportservice\reportmis.pbl (n_cst_deposit05_rdate)
Type-checking (pass 1) c:\gcoop_all\fsct_cha\gcoop\pbreport\commonservice\commonservice.pbl (n_cst_doccontrolservice)
Type-checking (pass 1) c:\gcoop_all\fsct_cha\gcoop\pbreport\commonservice\commonservice.pbl (n_cst_error)
Type-checking (pass 1) c:\gcoop_all\fsct_cha\gcoop\pbreport\commonservice\commonservice.pbl (n_cst_globalvar)
Type-checking (pass 1) c:\gcoop_all\fsct_cha\gcoop\pbreport\reportservice\reportkeeping.pbl (n_cst_member_79)
Type-checking (pass 1) c:\gcoop_all\fsct_cha\gcoop\pbreport\reportservice\reportmis.pbl (n_cst_mis_emer05)
Type-checking (pass 1) c:\gcoop_all\fsct_cha\gcoop\pbreport\reportservice\reportmis.pbl (n_cst_mis_norm01)
Type-checking (pass 1) c:\gcoop_all\fsct_cha\gcoop\pbreport\reportservice\reportmis.pbl (n_cst_mis_norm02)
Type-checking (pass 1) c:\gcoop_all\fsct_cha\gcoop\pbreport\reportservice\reportmis.pbl (n_cst_permistion)
Type-checking (pass 1) c:\gcoop_all\fsct_cha\gcoop\pbreport\printservice\printservice.pbl (n_cst_printservice)
Type-checking (pass 1) c:\gcoop_all\fsct_cha\gcoop\pbreport\commonservice\commonservice.pbl (n_cst_progresscontrol)
Type-checking (pass 1) c:\gcoop_all\fsct_cha\gcoop\pbreport\reportservice\reportservice.pbl (n_cst_reportservice)
Type-checking (pass 1) c:\gcoop_all\fsct_cha\gcoop\pbreport\reportservice\reportmis.pbl (n_cst_reqloan_emer0203)
Type-checking (pass 1) c:\gcoop_all\fsct_cha\gcoop\pbreport\reportservice\reportmis.pbl (n_cst_reqloan_emer0203_2)
Type-checking (pass 1) c:\gcoop_all\fsct_cha\gcoop\pbreport\reportservice\reportmis.pbl (n_cst_reqloan_norm03)
Type-checking (pass 1) c:\gcoop_all\fsct_cha\gcoop\pbreport\reportservice\reportmis.pbl (n_cst_reqloan_norm04)
Type-checking (pass 1) c:\gcoop_all\fsct_cha\gcoop\pbreport\reportservice\reportmis.pbl (n_cst_reqloan_norm04_2)
Type-checking (pass 1) c:\gcoop_all\fsct_cha\gcoop\pbreport\reportservice\reportmis.pbl (n_cst_reqloan_norm05)
Type-checking (pass 1) c:\gcoop_all\fsct_cha\gcoop\pbreport\reportservice\reportmis.pbl (n_cst_reqloan_norm05_2)
Type-checking (pass 1) c:\gcoop_all\fsct_cha\gcoop\pbreport\reportservice\reportmis.pbl (n_cst_reqloan_norm05_2new)
Type-checking (pass 1) c:\gcoop_all\fsct_cha\gcoop\pbreport\reportservice\reportmis.pbl (n_cst_reqloan_share_05_1)
Type-checking (pass 1) c:\gcoop_all\fsct_cha\gcoop\pbreport\reportservice\reportmis.pbl (n_cst_reqloan_share_05_2)
Type-checking (pass 1) c:\gcoop_all\fsct_cha\gcoop\pbreport\reportservice\reportmis.pbl (n_cst_reqloan_stat)
Type-checking (pass 1) c:\gcoop_all\fsct_cha\gcoop\pbreport\reportservice\reportmis.pbl (n_cst_reqloan_stat_09)
Type-checking (pass 1) c:\gcoop_all\fsct_cha\gcoop\pbreport\reportservice\reportmis.pbl (n_cst_reqloan_stat_10)
Type-checking (pass 1) c:\gcoop_all\fsct_cha\gcoop\pbreport\reportservice\reportmis.pbl (n_cst_reqloan_stat_choose)
Type-checking (pass 1) c:\gcoop_all\fsct_cha\gcoop\pbreport\reportservice\reportmis.pbl (n_cst_reqloan_stat_choose_2)
Type-checking (pass 1) c:\gcoop_all\fsct_cha\gcoop\pbreport\reportservice\reportmis.pbl (n_cst_reqloan_stat_emer01)
Type-checking (pass 1) c:\gcoop_all\fsct_cha\gcoop\pbreport\reportservice\reportmis.pbl (n_cst_reqloan_stat_spec01)
Type-checking (pass 1) c:\gcoop_all\fsct_cha\gcoop\pbreport\reportservice\reportaccount.pbl (n_cst_rptcreator_ac_cashflow_atv)
Type-checking (pass 1) c:\gcoop_all\fsct_cha\gcoop\pbreport\reportservice\reportaccount.pbl (n_cst_rptcreator_ac_cashflow_drcr)
Type-checking (pass 1) c:\gcoop_all\fsct_cha\gcoop\pbreport\reportservice\reportaccount.pbl (n_cst_rptcreator_ac_journal)
Type-checking (pass 1) c:\gcoop_all\fsct_cha\gcoop\pbreport\reportservice\reportaccount.pbl (n_cst_rptcreator_ac_ledger)
Type-checking (pass 1) c:\gcoop_all\fsct_cha\gcoop\pbreport\reportservice\reportaccount.pbl (n_cst_rptcreator_ac_pl)
Type-checking (pass 1) c:\gcoop_all\fsct_cha\gcoop\pbreport\reportservice\reportaccount.pbl (n_cst_rptcreator_ac_trilebalance)
Type-checking (pass 1) c:\gcoop_all\fsct_cha\gcoop\pbreport\reportservice\reportaccount.pbl (n_cst_rptcreator_ac_vcslip)
Type-checking (pass 1) c:\gcoop_all\fsct_cha\gcoop\pbreport\reportservice\reportservice.pbl (n_cst_rptcreator_base)
Type-checking (pass 1) c:\gcoop_all\fsct_cha\gcoop\pbreport\reportservice\reportbudget.pbl (n_cst_rptcreator_bg_bfclose_month)
Type-checking (pass 1) c:\gcoop_all\fsct_cha\gcoop\pbreport\reportservice\reportbudget.pbl (n_cst_rptcreator_bg_movmonth)
Type-checking (pass 1) c:\gcoop_all\fsct_cha\gcoop\pbreport\reportservice\reportservice.pbl (n_cst_rptcreator_default)
Type-checking (pass 1) c:\gcoop_all\fsct_cha\gcoop\pbreport\reportservice\reportshrlon.pbl (n_cst_rptcreator_mblnemer_daily05)
Type-checking (pass 1) c:\gcoop_all\fsct_cha\gcoop\pbreport\reportservice\reportshrlon.pbl (n_cst_rptcreator_sl_reqloan_moneytype_chq)
Type-checking (pass 1) c:\gcoop_all\fsct_cha\gcoop\pbreport\reportservice\reportshrlon.pbl (n_cst_rptday0050_payment)
Type-checking (pass 1) c:\gcoop_all\fsct_cha\gcoop\pbreport\reportservice\reportservice.pbl (n_cst_rptkeep_detail)
Type-checking (pass 1) c:\gcoop_all\fsct_cha\gcoop\pbreport\reportservice\reportkeeping.pbl (n_cst_rptkeep_detail_new)
Type-checking (pass 1) c:\gcoop_all\fsct_cha\gcoop\pbreport\reportservice\reportmis.pbl (n_cst_share_06)
Type-checking (pass 1) c:\gcoop_all\fsct_cha\gcoop\pbreport\reportservice\reportmis.pbl (n_cst_share_06_2)
Type-checking (pass 1) c:\gcoop_all\fsct_cha\gcoop\pbreport\reportservice\reportmis.pbl (n_cst_share_09)
Type-checking (pass 1) c:\gcoop_all\fsct_cha\gcoop\pbreport\reportservice\reportmis.pbl (n_cst_shareamt)
Type-checking (pass 1) c:\gcoop_all\fsct_cha\gcoop\pbreport\reportservice\reportmis.pbl (n_cst_shareamt_2)
Type-checking (pass 1) c:\gcoop_all\fsct_cha\gcoop\pbreport\reportservice\reportshrlon.pbl (n_cst_shrloan_contcoll)
Type-checking (pass 1) c:\gcoop_all\fsct_cha\gcoop\pbreport\reportservice\reportshrlon.pbl (n_cst_shrlon_stopshare)
Type-checking (pass 1) c:\gcoop_all\fsct_cha\gcoop\pbreport\reportservice\reportshrlon.pbl (n_cst_shrlon_sumslip)
Type-checking (pass 1) c:\gcoop_all\fsct_cha\gcoop\pbreport\reportservice\reportservice.pbl (n_cst_stdcriteria)
Type-checking (pass 1) c:\gcoop_all\fsct_cha\gcoop\pbreport\commonservice\commonservice.pbl (n_cst_stringservice)
Type-checking (pass 1) c:\gcoop_all\fsct_cha\gcoop\pbreport\commonservice\commonservice.pbl (n_cst_thailibservice)
Type-checking (pass 1) c:\gcoop_all\fsct_cha\gcoop\pbreport\commonservice\commonservice.pbl (n_cst_utility)
Type-checking (pass 1) c:\gcoop_all\fsct_cha\gcoop\pbreport\xmlconfservice\xmlconfservice.pbl (n_cst_xml)
Type-checking (pass 1) c:\gcoop_all\fsct_cha\gcoop\pbreport\xmlconfservice\xmlconfservice.pbl (n_cst_xmlconfig)
Type-checking (pass 1) c:\gcoop_all\fsct_cha\gcoop\pbreport\commonservice\commonservice.pbl (n_ds)
Type-checking (pass 1) c:\gcoop_all\fsct_cha\gcoop\pbreport\commonservice\commonservice.pbl (str_error)
Type-checking (pass 1) c:\gcoop_all\fsct_cha\gcoop\pbreport\commonservice\commonservice.pbl (str_progress)
Type-checking (pass 1) c:\gcoop_all\fsct_cha\gcoop\pbreport\reportservice\reportservice.pbl (str_webreportdetail)
Type-checking (pass 1) c:\gcoop_all\fsct_cha\gcoop\pbreport\pbreport\pbreport.pbl (assembly)
Type-checking (pass 1) c:\gcoop_all\fsct_cha\gcoop\pbreport\reportservice\reportaccount.pbl (f_acc_conmonthdate_thai_full_trim)
Type-checking (pass 1) c:\gcoop_all\fsct_cha\gcoop\pbreport\reportservice\reportexpress.pbl (f_cal_membage)
Type-checking (pass 1) c:\gcoop_all\fsct_cha\gcoop\pbreport\reportservice\reportaccount.pbl (f_cnv_tothai_longdate)
Type-checking (pass 1) c:\gcoop_all\fsct_cha\gcoop\pbreport\reportservice\reportaccount.pbl (f_get_monthname_th)
Type-checking (pass 1) c:\gcoop_all\fsct_cha\gcoop\pbreport\reportservice\reportaccount.pbl (f_lastdate_ofmonth)
Type-checking (pass 1) c:\gcoop_all\fsct_cha\gcoop\pbreport\commonservice\commonservice.pbl (f_read_thaibaht)
Type-checking (pass 1) c:\gcoop_all\fsct_cha\gcoop\pbreport\accountservice\accountservice.pbl (n_cst_account_prepare_vc_service)
Type-checking (pass 1) c:\gcoop_all\fsct_cha\gcoop\pbreport\accountservice\accountservice.pbl (n_cst_account_service)
Type-checking (pass 1) c:\gcoop_all\fsct_cha\gcoop\pbreport\logservice\logservice.pbl (n_cst_audit)
Type-checking (pass 1) c:\gcoop_all\fsct_cha\gcoop\pbreport\commonservice\commonservice.pbl (n_cst_bankservice)
Type-checking (pass 1) c:\gcoop_all\fsct_cha\gcoop\pbreport\commonservice\commonservice.pbl (n_cst_base)
Type-checking (pass 1) c:\gcoop_all\fsct_cha\gcoop\pbreport\budgetservice\budget_service.pbl (n_cst_budget_service)
Type-checking (pass 1) c:\gcoop_all\fsct_cha\gcoop\pbreport\commonservice\commonservice.pbl (n_cst_calendarservice)
Type-checking (pass 1) c:\gcoop_all\fsct_cha\gcoop\pbreport\reportservice\reportservice.pbl (n_cst_datastore_progress)
Type-checking (pass 1) c:\gcoop_all\fsct_cha\gcoop\pbreport\xmlconfservice\xmlconfservice.pbl (n_cst_datawindowxml)
Type-checking (pass 1) c:\gcoop_all\fsct_cha\gcoop\pbreport\xmlconfservice\xmlconfservice.pbl (n_cst_datawindowxmlrow)
Type-checking (pass 1) c:\gcoop_all\fsct_cha\gcoop\pbreport\commonservice\commonservice.pbl (n_cst_datetimeservice)
Type-checking (pass 1) c:\gcoop_all\fsct_cha\gcoop\pbreport\commonservice\commonservice.pbl (n_cst_dbconnectservice)
Type-checking (pass 1) c:\gcoop_all\fsct_cha\gcoop\pbreport\logservice\logservice.pbl (n_cst_debuglog)
Type-checking (pass 1) c:\gcoop_all\fsct_cha\gcoop\pbreport\reportservice\reportmis.pbl (n_cst_deposit05)
Type-checking (pass 1) c:\gcoop_all\fsct_cha\gcoop\pbreport\reportservice\reportmis.pbl (n_cst_deposit05_date)
Type-checking (pass 1) c:\gcoop_all\fsct_cha\gcoop\pbreport\reportservice\reportmis.pbl (n_cst_deposit05_rdate)
Type-checking (pass 1) c:\gcoop_all\fsct_cha\gcoop\pbreport\commonservice\commonservice.pbl (n_cst_doccontrolservice)
Type-checking (pass 1) c:\gcoop_all\fsct_cha\gcoop\pbreport\commonservice\commonservice.pbl (n_cst_error)
Type-checking (pass 1) c:\gcoop_all\fsct_cha\gcoop\pbreport\commonservice\commonservice.pbl (n_cst_globalvar)
Type-checking (pass 1) c:\gcoop_all\fsct_cha\gcoop\pbreport\reportservice\reportkeeping.pbl (n_cst_member_79)
Type-checking (pass 1) c:\gcoop_all\fsct_cha\gcoop\pbreport\reportservice\reportmis.pbl (n_cst_mis_emer05)
Type-checking (pass 1) c:\gcoop_all\fsct_cha\gcoop\pbreport\reportservice\reportmis.pbl (n_cst_mis_norm01)
Type-checking (pass 1) c:\gcoop_all\fsct_cha\gcoop\pbreport\reportservice\reportmis.pbl (n_cst_mis_norm02)
Type-checking (pass 1) c:\gcoop_all\fsct_cha\gcoop\pbreport\reportservice\reportmis.pbl (n_cst_permistion)
Type-checking (pass 1) c:\gcoop_all\fsct_cha\gcoop\pbreport\printservice\printservice.pbl (n_cst_printservice)
Type-checking (pass 1) c:\gcoop_all\fsct_cha\gcoop\pbreport\commonservice\commonservice.pbl (n_cst_progresscontrol)
Type-checking (pass 1) c:\gcoop_all\fsct_cha\gcoop\pbreport\reportservice\reportservice.pbl (n_cst_reportservice)
Type-checking (pass 1) c:\gcoop_all\fsct_cha\gcoop\pbreport\reportservice\reportmis.pbl (n_cst_reqloan_emer0203)
Type-checking (pass 1) c:\gcoop_all\fsct_cha\gcoop\pbreport\reportservice\reportmis.pbl (n_cst_reqloan_emer0203_2)
Type-checking (pass 1) c:\gcoop_all\fsct_cha\gcoop\pbreport\reportservice\reportmis.pbl (n_cst_reqloan_norm03)
Type-checking (pass 1) c:\gcoop_all\fsct_cha\gcoop\pbreport\reportservice\reportmis.pbl (n_cst_reqloan_norm04)
Type-checking (pass 1) c:\gcoop_all\fsct_cha\gcoop\pbreport\reportservice\reportmis.pbl (n_cst_reqloan_norm04_2)
Type-checking (pass 1) c:\gcoop_all\fsct_cha\gcoop\pbreport\reportservice\reportmis.pbl (n_cst_reqloan_norm05)
Type-checking (pass 1) c:\gcoop_all\fsct_cha\gcoop\pbreport\reportservice\reportmis.pbl (n_cst_reqloan_norm05_2)
Type-checking (pass 1) c:\gcoop_all\fsct_cha\gcoop\pbreport\reportservice\reportmis.pbl (n_cst_reqloan_norm05_2new)
Type-checking (pass 1) c:\gcoop_all\fsct_cha\gcoop\pbreport\reportservice\reportmis.pbl (n_cst_reqloan_share_05_1)
Type-checking (pass 1) c:\gcoop_all\fsct_cha\gcoop\pbreport\reportservice\reportmis.pbl (n_cst_reqloan_share_05_2)
Type-checking (pass 1) c:\gcoop_all\fsct_cha\gcoop\pbreport\reportservice\reportmis.pbl (n_cst_reqloan_stat)
Type-checking (pass 1) c:\gcoop_all\fsct_cha\gcoop\pbreport\reportservice\reportmis.pbl (n_cst_reqloan_stat_09)
Type-checking (pass 1) c:\gcoop_all\fsct_cha\gcoop\pbreport\reportservice\reportmis.pbl (n_cst_reqloan_stat_10)
Type-checking (pass 1) c:\gcoop_all\fsct_cha\gcoop\pbreport\reportservice\reportmis.pbl (n_cst_reqloan_stat_choose)
Type-checking (pass 1) c:\gcoop_all\fsct_cha\gcoop\pbreport\reportservice\reportmis.pbl (n_cst_reqloan_stat_choose_2)
Type-checking (pass 1) c:\gcoop_all\fsct_cha\gcoop\pbreport\reportservice\reportmis.pbl (n_cst_reqloan_stat_emer01)
Type-checking (pass 1) c:\gcoop_all\fsct_cha\gcoop\pbreport\reportservice\reportmis.pbl (n_cst_reqloan_stat_spec01)
Type-checking (pass 1) c:\gcoop_all\fsct_cha\gcoop\pbreport\reportservice\reportaccount.pbl (n_cst_rptcreator_ac_cashflow_atv)
Type-checking (pass 1) c:\gcoop_all\fsct_cha\gcoop\pbreport\reportservice\reportaccount.pbl (n_cst_rptcreator_ac_cashflow_drcr)
Type-checking (pass 1) c:\gcoop_all\fsct_cha\gcoop\pbreport\reportservice\reportaccount.pbl (n_cst_rptcreator_ac_journal)
Type-checking (pass 1) c:\gcoop_all\fsct_cha\gcoop\pbreport\reportservice\reportaccount.pbl (n_cst_rptcreator_ac_ledger)
Type-checking (pass 1) c:\gcoop_all\fsct_cha\gcoop\pbreport\reportservice\reportaccount.pbl (n_cst_rptcreator_ac_pl)
Type-checking (pass 1) c:\gcoop_all\fsct_cha\gcoop\pbreport\reportservice\reportaccount.pbl (n_cst_rptcreator_ac_trilebalance)
Type-checking (pass 1) c:\gcoop_all\fsct_cha\gcoop\pbreport\reportservice\reportaccount.pbl (n_cst_rptcreator_ac_vcslip)
Type-checking (pass 1) c:\gcoop_all\fsct_cha\gcoop\pbreport\reportservice\reportservice.pbl (n_cst_rptcreator_base)
Type-checking (pass 1) c:\gcoop_all\fsct_cha\gcoop\pbreport\reportservice\reportbudget.pbl (n_cst_rptcreator_bg_bfclose_month)
Type-checking (pass 1) c:\gcoop_all\fsct_cha\gcoop\pbreport\reportservice\reportbudget.pbl (n_cst_rptcreator_bg_movmonth)
Type-checking (pass 1) c:\gcoop_all\fsct_cha\gcoop\pbreport\reportservice\reportservice.pbl (n_cst_rptcreator_default)
Type-checking (pass 1) c:\gcoop_all\fsct_cha\gcoop\pbreport\reportservice\reportshrlon.pbl (n_cst_rptcreator_mblnemer_daily05)
Type-checking (pass 1) c:\gcoop_all\fsct_cha\gcoop\pbreport\reportservice\reportshrlon.pbl (n_cst_rptcreator_sl_reqloan_moneytype_chq)
Type-checking (pass 1) c:\gcoop_all\fsct_cha\gcoop\pbreport\reportservice\reportshrlon.pbl (n_cst_rptday0050_payment)
Type-checking (pass 1) c:\gcoop_all\fsct_cha\gcoop\pbreport\reportservice\reportservice.pbl (n_cst_rptkeep_detail)
Type-checking (pass 1) c:\gcoop_all\fsct_cha\gcoop\pbreport\reportservice\reportkeeping.pbl (n_cst_rptkeep_detail_new)
Type-checking (pass 1) c:\gcoop_all\fsct_cha\gcoop\pbreport\reportservice\reportmis.pbl (n_cst_share_06)
Type-checking (pass 1) c:\gcoop_all\fsct_cha\gcoop\pbreport\reportservice\reportmis.pbl (n_cst_share_06_2)
Type-checking (pass 1) c:\gcoop_all\fsct_cha\gcoop\pbreport\reportservice\reportmis.pbl (n_cst_share_09)
Type-checking (pass 1) c:\gcoop_all\fsct_cha\gcoop\pbreport\reportservice\reportmis.pbl (n_cst_shareamt)
Type-checking (pass 1) c:\gcoop_all\fsct_cha\gcoop\pbreport\reportservice\reportmis.pbl (n_cst_shareamt_2)
Type-checking (pass 1) c:\gcoop_all\fsct_cha\gcoop\pbreport\reportservice\reportshrlon.pbl (n_cst_shrloan_contcoll)
Type-checking (pass 1) c:\gcoop_all\fsct_cha\gcoop\pbreport\reportservice\reportshrlon.pbl (n_cst_shrlon_stopshare)
Type-checking (pass 1) c:\gcoop_all\fsct_cha\gcoop\pbreport\reportservice\reportshrlon.pbl (n_cst_shrlon_sumslip)
Type-checking (pass 1) c:\gcoop_all\fsct_cha\gcoop\pbreport\reportservice\reportservice.pbl (n_cst_stdcriteria)
Type-checking (pass 1) c:\gcoop_all\fsct_cha\gcoop\pbreport\commonservice\commonservice.pbl (n_cst_stringservice)
Type-checking (pass 1) c:\gcoop_all\fsct_cha\gcoop\pbreport\commonservice\commonservice.pbl (n_cst_thailibservice)
Type-checking (pass 1) c:\gcoop_all\fsct_cha\gcoop\pbreport\commonservice\commonservice.pbl (n_cst_utility)
Type-checking (pass 1) c:\gcoop_all\fsct_cha\gcoop\pbreport\xmlconfservice\xmlconfservice.pbl (n_cst_xml)
Type-checking (pass 1) c:\gcoop_all\fsct_cha\gcoop\pbreport\xmlconfservice\xmlconfservice.pbl (n_cst_xmlconfig)
Type-checking (pass 1) c:\gcoop_all\fsct_cha\gcoop\pbreport\commonservice\commonservice.pbl (n_ds)
Type-checking (pass 1) c:\gcoop_all\fsct_cha\gcoop\pbreport\commonservice\commonservice.pbl (str_error)
Type-checking (pass 1) c:\gcoop_all\fsct_cha\gcoop\pbreport\commonservice\commonservice.pbl (str_progress)
Type-checking (pass 1) c:\gcoop_all\fsct_cha\gcoop\pbreport\reportservice\reportservice.pbl (str_webreportdetail)
Type-checking (pass 1) c:\gcoop_all\fsct_cha\gcoop\pbreport\pbreport\pbreport.pbl (assembly)
Type-checking (pass 1) c:\gcoop_all\fsct_cha\gcoop\pbreport\reportservice\reportaccount.pbl (f_acc_conmonthdate_thai_full_trim)
Type-checking (pass 1) c:\gcoop_all\fsct_cha\gcoop\pbreport\reportservice\reportexpress.pbl (f_cal_membage)
Type-checking (pass 1) c:\gcoop_all\fsct_cha\gcoop\pbreport\reportservice\reportaccount.pbl (f_cnv_tothai_longdate)
Type-checking (pass 1) c:\gcoop_all\fsct_cha\gcoop\pbreport\reportservice\reportaccount.pbl (f_get_monthname_th)
Type-checking (pass 1) c:\gcoop_all\fsct_cha\gcoop\pbreport\reportservice\reportaccount.pbl (f_lastdate_ofmonth)
Type-checking (pass 1) c:\gcoop_all\fsct_cha\gcoop\pbreport\commonservice\commonservice.pbl (f_read_thaibaht)
Type-checking (pass 1) c:\gcoop_all\fsct_cha\gcoop\pbreport\accountservice\accountservice.pbl (n_cst_account_prepare_vc_service)
Type-checking (pass 1) c:\gcoop_all\fsct_cha\gcoop\pbreport\accountservice\accountservice.pbl (n_cst_account_service)
Type-checking (pass 1) c:\gcoop_all\fsct_cha\gcoop\pbreport\logservice\logservice.pbl (n_cst_audit)
Type-checking (pass 1) c:\gcoop_all\fsct_cha\gcoop\pbreport\commonservice\commonservice.pbl (n_cst_bankservice)
Type-checking (pass 1) c:\gcoop_all\fsct_cha\gcoop\pbreport\commonservice\commonservice.pbl (n_cst_base)
Type-checking (pass 1) c:\gcoop_all\fsct_cha\gcoop\pbreport\budgetservice\budget_service.pbl (n_cst_budget_service)
Type-checking (pass 1) c:\gcoop_all\fsct_cha\gcoop\pbreport\commonservice\commonservice.pbl (n_cst_calendarservice)
Type-checking (pass 1) c:\gcoop_all\fsct_cha\gcoop\pbreport\reportservice\reportservice.pbl (n_cst_datastore_progress)
Type-checking (pass 1) c:\gcoop_all\fsct_cha\gcoop\pbreport\xmlconfservice\xmlconfservice.pbl (n_cst_datawindowxml)
Type-checking (pass 1) c:\gcoop_all\fsct_cha\gcoop\pbreport\xmlconfservice\xmlconfservice.pbl (n_cst_datawindowxmlrow)
Type-checking (pass 1) c:\gcoop_all\fsct_cha\gcoop\pbreport\commonservice\commonservice.pbl (n_cst_datetimeservice)
Type-checking (pass 1) c:\gcoop_all\fsct_cha\gcoop\pbreport\commonservice\commonservice.pbl (n_cst_dbconnectservice)
Type-checking (pass 1) c:\gcoop_all\fsct_cha\gcoop\pbreport\logservice\logservice.pbl (n_cst_debuglog)
Type-checking (pass 1) c:\gcoop_all\fsct_cha\gcoop\pbreport\reportservice\reportmis.pbl (n_cst_deposit05)
Type-checking (pass 1) c:\gcoop_all\fsct_cha\gcoop\pbreport\reportservice\reportmis.pbl (n_cst_deposit05_date)
Type-checking (pass 1) c:\gcoop_all\fsct_cha\gcoop\pbreport\reportservice\reportmis.pbl (n_cst_deposit05_rdate)
Type-checking (pass 1) c:\gcoop_all\fsct_cha\gcoop\pbreport\commonservice\commonservice.pbl (n_cst_doccontrolservice)
Type-checking (pass 1) c:\gcoop_all\fsct_cha\gcoop\pbreport\commonservice\commonservice.pbl (n_cst_error)
Type-checking (pass 1) c:\gcoop_all\fsct_cha\gcoop\pbreport\commonservice\commonservice.pbl (n_cst_globalvar)
Type-checking (pass 1) c:\gcoop_all\fsct_cha\gcoop\pbreport\reportservice\reportkeeping.pbl (n_cst_member_79)
Type-checking (pass 1) c:\gcoop_all\fsct_cha\gcoop\pbreport\reportservice\reportmis.pbl (n_cst_mis_emer05)
Type-checking (pass 1) c:\gcoop_all\fsct_cha\gcoop\pbreport\reportservice\reportmis.pbl (n_cst_mis_norm01)
Type-checking (pass 1) c:\gcoop_all\fsct_cha\gcoop\pbreport\reportservice\reportmis.pbl (n_cst_mis_norm02)
Type-checking (pass 1) c:\gcoop_all\fsct_cha\gcoop\pbreport\reportservice\reportmis.pbl (n_cst_permistion)
Type-checking (pass 1) c:\gcoop_all\fsct_cha\gcoop\pbreport\printservice\printservice.pbl (n_cst_printservice)
Type-checking (pass 1) c:\gcoop_all\fsct_cha\gcoop\pbreport\commonservice\commonservice.pbl (n_cst_progresscontrol)
Type-checking (pass 1) c:\gcoop_all\fsct_cha\gcoop\pbreport\reportservice\reportservice.pbl (n_cst_reportservice)
Type-checking (pass 1) c:\gcoop_all\fsct_cha\gcoop\pbreport\reportservice\reportmis.pbl (n_cst_reqloan_emer0203)
Type-checking (pass 1) c:\gcoop_all\fsct_cha\gcoop\pbreport\reportservice\reportmis.pbl (n_cst_reqloan_emer0203_2)
Type-checking (pass 1) c:\gcoop_all\fsct_cha\gcoop\pbreport\reportservice\reportmis.pbl (n_cst_reqloan_norm03)
Type-checking (pass 1) c:\gcoop_all\fsct_cha\gcoop\pbreport\reportservice\reportmis.pbl (n_cst_reqloan_norm04)
Type-checking (pass 1) c:\gcoop_all\fsct_cha\gcoop\pbreport\reportservice\reportmis.pbl (n_cst_reqloan_norm04_2)
Type-checking (pass 1) c:\gcoop_all\fsct_cha\gcoop\pbreport\reportservice\reportmis.pbl (n_cst_reqloan_norm05)
Type-checking (pass 1) c:\gcoop_all\fsct_cha\gcoop\pbreport\reportservice\reportmis.pbl (n_cst_reqloan_norm05_2)
Type-checking (pass 1) c:\gcoop_all\fsct_cha\gcoop\pbreport\reportservice\reportmis.pbl (n_cst_reqloan_norm05_2new)
Type-checking (pass 1) c:\gcoop_all\fsct_cha\gcoop\pbreport\reportservice\reportmis.pbl (n_cst_reqloan_share_05_1)
Type-checking (pass 1) c:\gcoop_all\fsct_cha\gcoop\pbreport\reportservice\reportmis.pbl (n_cst_reqloan_share_05_2)
Type-checking (pass 1) c:\gcoop_all\fsct_cha\gcoop\pbreport\reportservice\reportmis.pbl (n_cst_reqloan_stat)
Type-checking (pass 1) c:\gcoop_all\fsct_cha\gcoop\pbreport\reportservice\reportmis.pbl (n_cst_reqloan_stat_09)
Type-checking (pass 1) c:\gcoop_all\fsct_cha\gcoop\pbreport\reportservice\reportmis.pbl (n_cst_reqloan_stat_10)
Type-checking (pass 1) c:\gcoop_all\fsct_cha\gcoop\pbreport\reportservice\reportmis.pbl (n_cst_reqloan_stat_choose)
Type-checking (pass 1) c:\gcoop_all\fsct_cha\gcoop\pbreport\reportservice\reportmis.pbl (n_cst_reqloan_stat_choose_2)
Type-checking (pass 1) c:\gcoop_all\fsct_cha\gcoop\pbreport\reportservice\reportmis.pbl (n_cst_reqloan_stat_emer01)
Type-checking (pass 1) c:\gcoop_all\fsct_cha\gcoop\pbreport\reportservice\reportmis.pbl (n_cst_reqloan_stat_spec01)
Type-checking (pass 1) c:\gcoop_all\fsct_cha\gcoop\pbreport\reportservice\reportaccount.pbl (n_cst_rptcreator_ac_cashflow_atv)
Type-checking (pass 1) c:\gcoop_all\fsct_cha\gcoop\pbreport\reportservice\reportaccount.pbl (n_cst_rptcreator_ac_cashflow_drcr)
Type-checking (pass 1) c:\gcoop_all\fsct_cha\gcoop\pbreport\reportservice\reportaccount.pbl (n_cst_rptcreator_ac_journal)
Type-checking (pass 1) c:\gcoop_all\fsct_cha\gcoop\pbreport\reportservice\reportaccount.pbl (n_cst_rptcreator_ac_ledger)
Type-checking (pass 1) c:\gcoop_all\fsct_cha\gcoop\pbreport\reportservice\reportaccount.pbl (n_cst_rptcreator_ac_pl)
Type-checking (pass 1) c:\gcoop_all\fsct_cha\gcoop\pbreport\reportservice\reportaccount.pbl (n_cst_rptcreator_ac_trilebalance)
Type-checking (pass 1) c:\gcoop_all\fsct_cha\gcoop\pbreport\reportservice\reportaccount.pbl (n_cst_rptcreator_ac_vcslip)
Type-checking (pass 1) c:\gcoop_all\fsct_cha\gcoop\pbreport\reportservice\reportservice.pbl (n_cst_rptcreator_base)
Type-checking (pass 1) c:\gcoop_all\fsct_cha\gcoop\pbreport\reportservice\reportbudget.pbl (n_cst_rptcreator_bg_bfclose_month)
Type-checking (pass 1) c:\gcoop_all\fsct_cha\gcoop\pbreport\reportservice\reportbudget.pbl (n_cst_rptcreator_bg_movmonth)
Type-checking (pass 1) c:\gcoop_all\fsct_cha\gcoop\pbreport\reportservice\reportservice.pbl (n_cst_rptcreator_default)
Type-checking (pass 1) c:\gcoop_all\fsct_cha\gcoop\pbreport\reportservice\reportshrlon.pbl (n_cst_rptcreator_mblnemer_daily05)
Type-checking (pass 1) c:\gcoop_all\fsct_cha\gcoop\pbreport\reportservice\reportshrlon.pbl (n_cst_rptcreator_sl_reqloan_moneytype_chq)
Type-checking (pass 1) c:\gcoop_all\fsct_cha\gcoop\pbreport\reportservice\reportshrlon.pbl (n_cst_rptday0050_payment)
Type-checking (pass 1) c:\gcoop_all\fsct_cha\gcoop\pbreport\reportservice\reportservice.pbl (n_cst_rptkeep_detail)
Type-checking (pass 1) c:\gcoop_all\fsct_cha\gcoop\pbreport\reportservice\reportkeeping.pbl (n_cst_rptkeep_detail_new)
Type-checking (pass 1) c:\gcoop_all\fsct_cha\gcoop\pbreport\reportservice\reportmis.pbl (n_cst_share_06)
Type-checking (pass 1) c:\gcoop_all\fsct_cha\gcoop\pbreport\reportservice\reportmis.pbl (n_cst_share_06_2)
Type-checking (pass 1) c:\gcoop_all\fsct_cha\gcoop\pbreport\reportservice\reportmis.pbl (n_cst_share_09)
Type-checking (pass 1) c:\gcoop_all\fsct_cha\gcoop\pbreport\reportservice\reportmis.pbl (n_cst_shareamt)
Type-checking (pass 1) c:\gcoop_all\fsct_cha\gcoop\pbreport\reportservice\reportmis.pbl (n_cst_shareamt_2)
Type-checking (pass 1) c:\gcoop_all\fsct_cha\gcoop\pbreport\reportservice\reportshrlon.pbl (n_cst_shrloan_contcoll)
Type-checking (pass 1) c:\gcoop_all\fsct_cha\gcoop\pbreport\reportservice\reportshrlon.pbl (n_cst_shrlon_stopshare)
Type-checking (pass 1) c:\gcoop_all\fsct_cha\gcoop\pbreport\reportservice\reportshrlon.pbl (n_cst_shrlon_sumslip)
Type-checking (pass 1) c:\gcoop_all\fsct_cha\gcoop\pbreport\reportservice\reportservice.pbl (n_cst_stdcriteria)
Type-checking (pass 1) c:\gcoop_all\fsct_cha\gcoop\pbreport\commonservice\commonservice.pbl (n_cst_stringservice)
Type-checking (pass 1) c:\gcoop_all\fsct_cha\gcoop\pbreport\commonservice\commonservice.pbl (n_cst_thailibservice)
Type-checking (pass 1) c:\gcoop_all\fsct_cha\gcoop\pbreport\commonservice\commonservice.pbl (n_cst_utility)
Type-checking (pass 1) c:\gcoop_all\fsct_cha\gcoop\pbreport\xmlconfservice\xmlconfservice.pbl (n_cst_xml)
Type-checking (pass 1) c:\gcoop_all\fsct_cha\gcoop\pbreport\xmlconfservice\xmlconfservice.pbl (n_cst_xmlconfig)
Type-checking (pass 1) c:\gcoop_all\fsct_cha\gcoop\pbreport\commonservice\commonservice.pbl (n_ds)
Type-checking (pass 1) c:\gcoop_all\fsct_cha\gcoop\pbreport\commonservice\commonservice.pbl (str_error)
Type-checking (pass 1) c:\gcoop_all\fsct_cha\gcoop\pbreport\commonservice\commonservice.pbl (str_progress)
Type-checking (pass 1) c:\gcoop_all\fsct_cha\gcoop\pbreport\reportservice\reportservice.pbl (str_webreportdetail)
Type-checking prototypes/instance variables(pass 2) 
Type-checking prototypes/instance variables(pass 2) 
Type-checking prototypes/instance variables(pass 2) 
Type-checking prototypes/instance variables(pass 2) 
Type-checking prototypes/instance variables(pass 2) 
Type-checking prototypes/instance variables(pass 2) 
Type-checking prototypes/instance variables(pass 2) 
Type-checking prototypes/instance variables(pass 2) 
Type-checking prototypes/instance variables(pass 2) 
Type-checking prototypes/instance variables(pass 2) 
Type-checking prototypes/instance variables(pass 2) 
Type-checking prototypes/instance variables(pass 2) 
Type-checking prototypes/instance variables(pass 2) 
Type-checking prototypes/instance variables(pass 2) 
Type-checking prototypes/instance variables(pass 2) 
Type-checking prototypes/instance variables(pass 2) 
Type-checking prototypes/instance variables(pass 2) 
Type-checking prototypes/instance variables(pass 2) 
Type-checking prototypes/instance variables(pass 2) 
Type-checking prototypes/instance variables(pass 2) 
Type-checking prototypes/instance variables(pass 2) 
Type-checking prototypes/instance variables(pass 2) 
Type-checking prototypes/instance variables(pass 2) 
Type-checking prototypes/instance variables(pass 2) 
Type-checking prototypes/instance variables(pass 2) 
Type-checking prototypes/instance variables(pass 2) 
Type-checking prototypes/instance variables(pass 2) 
Type-checking prototypes/instance variables(pass 2) 
Type-checking prototypes/instance variables(pass 2) 
Type-checking prototypes/instance variables(pass 2) 
Type-checking prototypes/instance variables(pass 2) 
Type-checking prototypes/instance variables(pass 2) 
Type-checking prototypes/instance variables(pass 2) 
Type-checking prototypes/instance variables(pass 2) 
Type-checking prototypes/instance variables(pass 2) 
Type-checking prototypes/instance variables(pass 2) 
Type-checking prototypes/instance variables(pass 2) 
Type-checking prototypes/instance variables(pass 2) 
Type-checking prototypes/instance variables(pass 2) 
Type-checking prototypes/instance variables(pass 2) 
Type-checking prototypes/instance variables(pass 2) 
Type-checking prototypes/instance variables(pass 2) 
Type-checking prototypes/instance variables(pass 2) 
Type-checking prototypes/instance variables(pass 2) 
Type-checking prototypes/instance variables(pass 2) 
Type-checking prototypes/instance variables(pass 2) 
Type-checking prototypes/instance variables(pass 2) 
Type-checking prototypes/instance variables(pass 2) 
Type-checking prototypes/instance variables(pass 2) 
Type-checking prototypes/instance variables(pass 2) 
Type-checking prototypes/instance variables(pass 2) 
Type-checking prototypes/instance variables(pass 2) 
Type-checking prototypes/instance variables(pass 2) 
Type-checking prototypes/instance variables(pass 2) 
Type-checking prototypes/instance variables(pass 2) 
Type-checking prototypes/instance variables(pass 2) 
Type-checking prototypes/instance variables(pass 2) 
Type-checking prototypes/instance variables(pass 2) 
Type-checking prototypes/instance variables(pass 2) 
Type-checking prototypes/instance variables(pass 2) 
Type-checking prototypes/instance variables(pass 2) 
Type-checking prototypes/instance variables(pass 2) 
Type-checking prototypes/instance variables(pass 2) 
Type-checking prototypes/instance variables(pass 2) 
Type-checking prototypes/instance variables(pass 2) 
Type-checking prototypes/instance variables(pass 2) 
Type-checking prototypes/instance variables(pass 2) 
Type-checking prototypes/instance variables(pass 2) 
Type-checking prototypes/instance variables(pass 2) 
Type-checking prototypes/instance variables(pass 2) 
Type-checking prototypes/instance variables(pass 2) 
Type-checking prototypes/instance variables(pass 2) 
Type-checking prototypes/instance variables(pass 2) 
Type-checking prototypes/instance variables(pass 2) 
Type-checking prototypes/instance variables(pass 2) 
Type-checking prototypes/instance variables(pass 2) 
Type-checking prototypes/instance variables(pass 2) 
Type-checking prototypes/instance variables(pass 2) 
Type-checking prototypes/instance variables(pass 2) 
Type-checking prototypes/instance variables(pass 2) 
Type-checking prototypes/instance variables(pass 2) 
Type-checking prototypes/instance variables(pass 2) 
Type-checking prototypes/instance variables(pass 2) 
Type-checking prototypes/instance variables(pass 2) 
Type-checking prototypes/instance variables(pass 2) 
Type-checking methods(pass 2) c:\gcoop_all\fsct_cha\gcoop\pbreport\pbreport\pbreport.pbl (assembly)
Type-checking methods(pass 2) c:\gcoop_all\fsct_cha\gcoop\pbreport\reportservice\reportaccount.pbl (f_acc_conmonthdate_thai_full_trim)
Type-checking methods(pass 2) c:\gcoop_all\fsct_cha\gcoop\pbreport\reportservice\reportexpress.pbl (f_cal_membage)
Type-checking methods(pass 2) c:\gcoop_all\fsct_cha\gcoop\pbreport\reportservice\reportaccount.pbl (f_cnv_tothai_longdate)
Type-checking methods(pass 2) c:\gcoop_all\fsct_cha\gcoop\pbreport\reportservice\reportaccount.pbl (f_get_monthname_th)
Type-checking methods(pass 2) c:\gcoop_all\fsct_cha\gcoop\pbreport\reportservice\reportaccount.pbl (f_lastdate_ofmonth)
Type-checking methods(pass 2) c:\gcoop_all\fsct_cha\gcoop\pbreport\commonservice\commonservice.pbl (f_read_thaibaht)
Type-checking methods(pass 2) c:\gcoop_all\fsct_cha\gcoop\pbreport\accountservice\accountservice.pbl (n_cst_account_prepare_vc_service)
Type-checking methods(pass 2) c:\gcoop_all\fsct_cha\gcoop\pbreport\accountservice\accountservice.pbl (n_cst_account_service)
Type-checking methods(pass 2) c:\gcoop_all\fsct_cha\gcoop\pbreport\logservice\logservice.pbl (n_cst_audit)
Type-checking methods(pass 2) c:\gcoop_all\fsct_cha\gcoop\pbreport\commonservice\commonservice.pbl (n_cst_bankservice)
Type-checking methods(pass 2) c:\gcoop_all\fsct_cha\gcoop\pbreport\commonservice\commonservice.pbl (n_cst_base)
Type-checking methods(pass 2) c:\gcoop_all\fsct_cha\gcoop\pbreport\budgetservice\budget_service.pbl (n_cst_budget_service)
Type-checking methods(pass 2) c:\gcoop_all\fsct_cha\gcoop\pbreport\commonservice\commonservice.pbl (n_cst_calendarservice)
Type-checking methods(pass 2) c:\gcoop_all\fsct_cha\gcoop\pbreport\reportservice\reportservice.pbl (n_cst_datastore_progress)
Type-checking methods(pass 2) c:\gcoop_all\fsct_cha\gcoop\pbreport\xmlconfservice\xmlconfservice.pbl (n_cst_datawindowxml)
Type-checking methods(pass 2) c:\gcoop_all\fsct_cha\gcoop\pbreport\xmlconfservice\xmlconfservice.pbl (n_cst_datawindowxmlrow)
Type-checking methods(pass 2) c:\gcoop_all\fsct_cha\gcoop\pbreport\commonservice\commonservice.pbl (n_cst_datetimeservice)
Type-checking methods(pass 2) c:\gcoop_all\fsct_cha\gcoop\pbreport\commonservice\commonservice.pbl (n_cst_dbconnectservice)
Type-checking methods(pass 2) c:\gcoop_all\fsct_cha\gcoop\pbreport\logservice\logservice.pbl (n_cst_debuglog)
Type-checking methods(pass 2) c:\gcoop_all\fsct_cha\gcoop\pbreport\reportservice\reportmis.pbl (n_cst_deposit05)
Type-checking methods(pass 2) c:\gcoop_all\fsct_cha\gcoop\pbreport\reportservice\reportmis.pbl (n_cst_deposit05_date)
Type-checking methods(pass 2) c:\gcoop_all\fsct_cha\gcoop\pbreport\reportservice\reportmis.pbl (n_cst_deposit05_rdate)
Type-checking methods(pass 2) c:\gcoop_all\fsct_cha\gcoop\pbreport\commonservice\commonservice.pbl (n_cst_doccontrolservice)
Type-checking methods(pass 2) c:\gcoop_all\fsct_cha\gcoop\pbreport\commonservice\commonservice.pbl (n_cst_error)
Type-checking methods(pass 2) c:\gcoop_all\fsct_cha\gcoop\pbreport\commonservice\commonservice.pbl (n_cst_globalvar)
Type-checking methods(pass 2) c:\gcoop_all\fsct_cha\gcoop\pbreport\reportservice\reportkeeping.pbl (n_cst_member_79)
Type-checking methods(pass 2) c:\gcoop_all\fsct_cha\gcoop\pbreport\reportservice\reportmis.pbl (n_cst_mis_emer05)
Type-checking methods(pass 2) c:\gcoop_all\fsct_cha\gcoop\pbreport\reportservice\reportmis.pbl (n_cst_mis_norm01)
Type-checking methods(pass 2) c:\gcoop_all\fsct_cha\gcoop\pbreport\reportservice\reportmis.pbl (n_cst_mis_norm02)
Type-checking methods(pass 2) c:\gcoop_all\fsct_cha\gcoop\pbreport\reportservice\reportmis.pbl (n_cst_permistion)
Type-checking methods(pass 2) c:\gcoop_all\fsct_cha\gcoop\pbreport\printservice\printservice.pbl (n_cst_printservice)
Type-checking methods(pass 2) c:\gcoop_all\fsct_cha\gcoop\pbreport\commonservice\commonservice.pbl (n_cst_progresscontrol)
Type-checking methods(pass 2) c:\gcoop_all\fsct_cha\gcoop\pbreport\reportservice\reportservice.pbl (n_cst_reportservice)
Type-checking methods(pass 2) c:\gcoop_all\fsct_cha\gcoop\pbreport\reportservice\reportmis.pbl (n_cst_reqloan_emer0203)
Type-checking methods(pass 2) c:\gcoop_all\fsct_cha\gcoop\pbreport\reportservice\reportmis.pbl (n_cst_reqloan_emer0203_2)
Type-checking methods(pass 2) c:\gcoop_all\fsct_cha\gcoop\pbreport\reportservice\reportmis.pbl (n_cst_reqloan_norm03)
Type-checking methods(pass 2) c:\gcoop_all\fsct_cha\gcoop\pbreport\reportservice\reportmis.pbl (n_cst_reqloan_norm04)
Type-checking methods(pass 2) c:\gcoop_all\fsct_cha\gcoop\pbreport\reportservice\reportmis.pbl (n_cst_reqloan_norm04_2)
Type-checking methods(pass 2) c:\gcoop_all\fsct_cha\gcoop\pbreport\reportservice\reportmis.pbl (n_cst_reqloan_norm05)
Type-checking methods(pass 2) c:\gcoop_all\fsct_cha\gcoop\pbreport\reportservice\reportmis.pbl (n_cst_reqloan_norm05_2)
Type-checking methods(pass 2) c:\gcoop_all\fsct_cha\gcoop\pbreport\reportservice\reportmis.pbl (n_cst_reqloan_norm05_2new)
Type-checking methods(pass 2) c:\gcoop_all\fsct_cha\gcoop\pbreport\reportservice\reportmis.pbl (n_cst_reqloan_share_05_1)
Type-checking methods(pass 2) c:\gcoop_all\fsct_cha\gcoop\pbreport\reportservice\reportmis.pbl (n_cst_reqloan_share_05_2)
Type-checking methods(pass 2) c:\gcoop_all\fsct_cha\gcoop\pbreport\reportservice\reportmis.pbl (n_cst_reqloan_stat)
Type-checking methods(pass 2) c:\gcoop_all\fsct_cha\gcoop\pbreport\reportservice\reportmis.pbl (n_cst_reqloan_stat_09)
Type-checking methods(pass 2) c:\gcoop_all\fsct_cha\gcoop\pbreport\reportservice\reportmis.pbl (n_cst_reqloan_stat_10)
Type-checking methods(pass 2) c:\gcoop_all\fsct_cha\gcoop\pbreport\reportservice\reportmis.pbl (n_cst_reqloan_stat_choose)
Type-checking methods(pass 2) c:\gcoop_all\fsct_cha\gcoop\pbreport\reportservice\reportmis.pbl (n_cst_reqloan_stat_choose_2)
Type-checking methods(pass 2) c:\gcoop_all\fsct_cha\gcoop\pbreport\reportservice\reportmis.pbl (n_cst_reqloan_stat_emer01)
Type-checking methods(pass 2) c:\gcoop_all\fsct_cha\gcoop\pbreport\reportservice\reportmis.pbl (n_cst_reqloan_stat_spec01)
Type-checking methods(pass 2) c:\gcoop_all\fsct_cha\gcoop\pbreport\reportservice\reportaccount.pbl (n_cst_rptcreator_ac_cashflow_atv)
Type-checking methods(pass 2) c:\gcoop_all\fsct_cha\gcoop\pbreport\reportservice\reportaccount.pbl (n_cst_rptcreator_ac_cashflow_drcr)
Type-checking methods(pass 2) c:\gcoop_all\fsct_cha\gcoop\pbreport\reportservice\reportaccount.pbl (n_cst_rptcreator_ac_journal)
Type-checking methods(pass 2) c:\gcoop_all\fsct_cha\gcoop\pbreport\reportservice\reportaccount.pbl (n_cst_rptcreator_ac_ledger)
Type-checking methods(pass 2) c:\gcoop_all\fsct_cha\gcoop\pbreport\reportservice\reportaccount.pbl (n_cst_rptcreator_ac_pl)
Type-checking methods(pass 2) c:\gcoop_all\fsct_cha\gcoop\pbreport\reportservice\reportaccount.pbl (n_cst_rptcreator_ac_trilebalance)
Type-checking methods(pass 2) c:\gcoop_all\fsct_cha\gcoop\pbreport\reportservice\reportaccount.pbl (n_cst_rptcreator_ac_vcslip)
Type-checking methods(pass 2) c:\gcoop_all\fsct_cha\gcoop\pbreport\reportservice\reportservice.pbl (n_cst_rptcreator_base)
Type-checking methods(pass 2) c:\gcoop_all\fsct_cha\gcoop\pbreport\reportservice\reportbudget.pbl (n_cst_rptcreator_bg_bfclose_month)
Type-checking methods(pass 2) c:\gcoop_all\fsct_cha\gcoop\pbreport\reportservice\reportbudget.pbl (n_cst_rptcreator_bg_movmonth)
Type-checking methods(pass 2) c:\gcoop_all\fsct_cha\gcoop\pbreport\reportservice\reportservice.pbl (n_cst_rptcreator_default)
Type-checking methods(pass 2) c:\gcoop_all\fsct_cha\gcoop\pbreport\reportservice\reportshrlon.pbl (n_cst_rptcreator_mblnemer_daily05)
Type-checking methods(pass 2) c:\gcoop_all\fsct_cha\gcoop\pbreport\reportservice\reportshrlon.pbl (n_cst_rptcreator_sl_reqloan_moneytype_chq)
Type-checking methods(pass 2) c:\gcoop_all\fsct_cha\gcoop\pbreport\reportservice\reportshrlon.pbl (n_cst_rptday0050_payment)
Type-checking methods(pass 2) c:\gcoop_all\fsct_cha\gcoop\pbreport\reportservice\reportservice.pbl (n_cst_rptkeep_detail)
Type-checking methods(pass 2) c:\gcoop_all\fsct_cha\gcoop\pbreport\reportservice\reportkeeping.pbl (n_cst_rptkeep_detail_new)
Type-checking methods(pass 2) c:\gcoop_all\fsct_cha\gcoop\pbreport\reportservice\reportmis.pbl (n_cst_share_06)
Type-checking methods(pass 2) c:\gcoop_all\fsct_cha\gcoop\pbreport\reportservice\reportmis.pbl (n_cst_share_06_2)
Type-checking methods(pass 2) c:\gcoop_all\fsct_cha\gcoop\pbreport\reportservice\reportmis.pbl (n_cst_share_09)
Type-checking methods(pass 2) c:\gcoop_all\fsct_cha\gcoop\pbreport\reportservice\reportmis.pbl (n_cst_shareamt)
Type-checking methods(pass 2) c:\gcoop_all\fsct_cha\gcoop\pbreport\reportservice\reportmis.pbl (n_cst_shareamt_2)
Type-checking methods(pass 2) c:\gcoop_all\fsct_cha\gcoop\pbreport\reportservice\reportshrlon.pbl (n_cst_shrloan_contcoll)
Type-checking methods(pass 2) c:\gcoop_all\fsct_cha\gcoop\pbreport\reportservice\reportshrlon.pbl (n_cst_shrlon_stopshare)
Type-checking methods(pass 2) c:\gcoop_all\fsct_cha\gcoop\pbreport\reportservice\reportshrlon.pbl (n_cst_shrlon_sumslip)
Type-checking methods(pass 2) c:\gcoop_all\fsct_cha\gcoop\pbreport\reportservice\reportservice.pbl (n_cst_stdcriteria)
Type-checking methods(pass 2) c:\gcoop_all\fsct_cha\gcoop\pbreport\commonservice\commonservice.pbl (n_cst_stringservice)
Type-checking methods(pass 2) c:\gcoop_all\fsct_cha\gcoop\pbreport\commonservice\commonservice.pbl (n_cst_thailibservice)
Type-checking methods(pass 2) c:\gcoop_all\fsct_cha\gcoop\pbreport\commonservice\commonservice.pbl (n_cst_utility)
Type-checking methods(pass 2) c:\gcoop_all\fsct_cha\gcoop\pbreport\xmlconfservice\xmlconfservice.pbl (n_cst_xml)
Type-checking methods(pass 2) c:\gcoop_all\fsct_cha\gcoop\pbreport\xmlconfservice\xmlconfservice.pbl (n_cst_xmlconfig)
Type-checking methods(pass 2) c:\gcoop_all\fsct_cha\gcoop\pbreport\commonservice\commonservice.pbl (n_ds)
Type-checking methods(pass 2) c:\gcoop_all\fsct_cha\gcoop\pbreport\commonservice\commonservice.pbl (str_error)
Type-checking methods(pass 2) c:\gcoop_all\fsct_cha\gcoop\pbreport\commonservice\commonservice.pbl (str_progress)
Type-checking methods(pass 2) c:\gcoop_all\fsct_cha\gcoop\pbreport\reportservice\reportservice.pbl (str_webreportdetail)
Emitting c:\gcoop_all\fsct_cha\gcoop\pbreport\pbreport\pbreport.pbl (assembly)
Emitting c:\gcoop_all\fsct_cha\gcoop\pbreport\accountservice\accountservice.pbl (n_cst_account_service)
Emitting c:\gcoop_all\fsct_cha\gcoop\pbreport\commonservice\commonservice.pbl (n_cst_doccontrolservice)
Emitting c:\gcoop_all\fsct_cha\gcoop\pbreport\commonservice\commonservice.pbl (n_cst_datetimeservice)
Emitting c:\gcoop_all\fsct_cha\gcoop\pbreport\commonservice\commonservice.pbl (n_cst_stringservice)
Emitting c:\gcoop_all\fsct_cha\gcoop\pbreport\commonservice\commonservice.pbl (n_cst_dbconnectservice)
Emitting c:\gcoop_all\fsct_cha\gcoop\pbreport\commonservice\commonservice.pbl (n_cst_thailibservice)
Emitting c:\gcoop_all\fsct_cha\gcoop\pbreport\commonservice\commonservice.pbl (n_cst_progresscontrol)
Emitting c:\gcoop_all\fsct_cha\gcoop\pbreport\commonservice\commonservice.pbl (str_progress)
Emitting c:\gcoop_all\fsct_cha\gcoop\pbreport\commonservice\commonservice.pbl (n_ds)
Emitting c:\gcoop_all\fsct_cha\gcoop\pbreport\commonservice\commonservice.pbl (n_cst_error)
Emitting c:\gcoop_all\fsct_cha\gcoop\pbreport\commonservice\commonservice.pbl (n_cst_base)
Emitting c:\gcoop_all\fsct_cha\gcoop\pbreport\commonservice\commonservice.pbl (str_error)
Emitting c:\gcoop_all\fsct_cha\gcoop\pbreport\commonservice\commonservice.pbl (n_cst_globalvar)
Emitting c:\gcoop_all\fsct_cha\gcoop\pbreport\commonservice\commonservice.pbl (f_read_thaibaht)
Emitting c:\gcoop_all\fsct_cha\gcoop\pbreport\xmlconfservice\xmlconfservice.pbl (n_cst_xmlconfig)
Emitting c:\gcoop_all\fsct_cha\gcoop\pbreport\xmlconfservice\xmlconfservice.pbl (n_cst_datawindowxml)
Emitting c:\gcoop_all\fsct_cha\gcoop\pbreport\xmlconfservice\xmlconfservice.pbl (n_cst_datawindowxmlrow)
Emitting c:\gcoop_all\fsct_cha\gcoop\pbreport\xmlconfservice\xmlconfservice.pbl (n_cst_xml)
Emitting c:\gcoop_all\fsct_cha\gcoop\pbreport\reportservice\reportservice.pbl (n_cst_reportservice)
Emitting c:\gcoop_all\fsct_cha\gcoop\pbreport\reportservice\reportservice.pbl (str_webreportdetail)
Emitting c:\gcoop_all\fsct_cha\gcoop\pbreport\reportservice\reportservice.pbl (n_cst_stdcriteria)
Emitting c:\gcoop_all\fsct_cha\gcoop\pbreport\reportservice\reportservice.pbl (n_cst_rptcreator_base)
Emitting c:\gcoop_all\fsct_cha\gcoop\pbreport\reportservice\reportservice.pbl (n_cst_rptcreator_default)
Emitting c:\gcoop_all\fsct_cha\gcoop\pbreport\reportservice\reportservice.pbl (n_cst_datastore_progress)
Emitting c:\gcoop_all\fsct_cha\gcoop\pbreport\reportservice\reportservice.pbl (n_cst_rptkeep_detail)
Emitting c:\gcoop_all\fsct_cha\gcoop\pbreport\printservice\printservice.pbl (n_cst_printservice)
Emitting c:\gcoop_all\fsct_cha\gcoop\pbreport\logservice\logservice.pbl (n_cst_debuglog)
Emitting c:\gcoop_all\fsct_cha\gcoop\pbreport\reportservice\reportaccount.pbl (n_cst_rptcreator_ac_trilebalance)
Emitting c:\gcoop_all\fsct_cha\gcoop\pbreport\reportservice\reportaccount.pbl (n_cst_rptcreator_ac_vcslip)
Emitting c:\gcoop_all\fsct_cha\gcoop\pbreport\reportservice\reportaccount.pbl (f_cnv_tothai_longdate)
Emitting c:\gcoop_all\fsct_cha\gcoop\pbreport\reportservice\reportaccount.pbl (f_get_monthname_th)
Emitting c:\gcoop_all\fsct_cha\gcoop\pbreport\reportservice\reportaccount.pbl (f_lastdate_ofmonth)
Emitting c:\gcoop_all\fsct_cha\gcoop\pbreport\reportservice\reportaccount.pbl (n_cst_rptcreator_ac_journal)
Emitting c:\gcoop_all\fsct_cha\gcoop\pbreport\reportservice\reportaccount.pbl (n_cst_rptcreator_ac_ledger)
Emitting c:\gcoop_all\fsct_cha\gcoop\pbreport\reportservice\reportaccount.pbl (n_cst_rptcreator_ac_cashflow_atv)
Emitting c:\gcoop_all\fsct_cha\gcoop\pbreport\reportservice\reportaccount.pbl (n_cst_rptcreator_ac_cashflow_drcr)
Emitting c:\gcoop_all\fsct_cha\gcoop\pbreport\reportservice\reportaccount.pbl (n_cst_rptcreator_ac_pl)
Emitting c:\gcoop_all\fsct_cha\gcoop\pbreport\reportservice\reportkeeping.pbl (n_cst_member_79)
Emitting c:\gcoop_all\fsct_cha\gcoop\pbreport\reportservice\reportshrlon.pbl (n_cst_shrlon_sumslip)
Emitting c:\gcoop_all\fsct_cha\gcoop\pbreport\reportservice\reportshrlon.pbl (n_cst_shrlon_stopshare)
Emitting c:\gcoop_all\fsct_cha\gcoop\pbreport\reportservice\reportshrlon.pbl (n_cst_shrloan_contcoll)
Emitting c:\gcoop_all\fsct_cha\gcoop\pbreport\reportservice\reportshrlon.pbl (n_cst_rptday0050_payment)
Emitting c:\gcoop_all\fsct_cha\gcoop\pbreport\reportservice\reportshrlon.pbl (n_cst_rptcreator_sl_reqloan_moneytype_chq)
Emitting c:\gcoop_all\fsct_cha\gcoop\pbreport\reportservice\reportshrlon.pbl (n_cst_rptcreator_mblnemer_daily05)
Emitting c:\gcoop_all\fsct_cha\gcoop\pbreport\reportservice\reportbudget.pbl (n_cst_rptcreator_bg_bfclose_month)
Emitting c:\gcoop_all\fsct_cha\gcoop\pbreport\reportservice\reportbudget.pbl (n_cst_rptcreator_bg_movmonth)
Emitting c:\gcoop_all\fsct_cha\gcoop\pbreport\reportservice\reportmis.pbl (n_cst_reqloan_share_05_1)
Emitting c:\gcoop_all\fsct_cha\gcoop\pbreport\reportservice\reportmis.pbl (n_cst_reqloan_share_05_2)
Emitting c:\gcoop_all\fsct_cha\gcoop\pbreport\reportservice\reportmis.pbl (n_cst_reqloan_stat)
Emitting c:\gcoop_all\fsct_cha\gcoop\pbreport\reportservice\reportmis.pbl (n_cst_reqloan_stat_09)
Emitting c:\gcoop_all\fsct_cha\gcoop\pbreport\reportservice\reportmis.pbl (n_cst_reqloan_stat_choose)
Emitting c:\gcoop_all\fsct_cha\gcoop\pbreport\reportservice\reportmis.pbl (n_cst_reqloan_stat_emer01)
Emitting c:\gcoop_all\fsct_cha\gcoop\pbreport\reportservice\reportmis.pbl (n_cst_reqloan_stat_spec01)
Emitting c:\gcoop_all\fsct_cha\gcoop\pbreport\reportservice\reportmis.pbl (n_cst_shareamt)
Emitting c:\gcoop_all\fsct_cha\gcoop\pbreport\reportservice\reportmis.pbl (n_cst_share_06)
Emitting c:\gcoop_all\fsct_cha\gcoop\pbreport\reportservice\reportmis.pbl (n_cst_share_09)
Emitting c:\gcoop_all\fsct_cha\gcoop\pbreport\reportservice\reportmis.pbl (n_cst_reqloan_stat_choose_2)
Emitting c:\gcoop_all\fsct_cha\gcoop\pbreport\reportservice\reportmis.pbl (n_cst_share_06_2)
Emitting c:\gcoop_all\fsct_cha\gcoop\pbreport\reportservice\reportmis.pbl (n_cst_reqloan_norm05_2new)
Emitting c:\gcoop_all\fsct_cha\gcoop\pbreport\reportservice\reportmis.pbl (n_cst_reqloan_norm05_2)
Emitting c:\gcoop_all\fsct_cha\gcoop\pbreport\reportservice\reportmis.pbl (n_cst_mis_norm01)
Emitting c:\gcoop_all\fsct_cha\gcoop\pbreport\reportservice\reportmis.pbl (n_cst_reqloan_emer0203)
Emitting c:\gcoop_all\fsct_cha\gcoop\pbreport\reportservice\reportmis.pbl (n_cst_mis_norm02)
Emitting c:\gcoop_all\fsct_cha\gcoop\pbreport\reportservice\reportmis.pbl (n_cst_reqloan_norm04)
Emitting c:\gcoop_all\fsct_cha\gcoop\pbreport\reportservice\reportmis.pbl (n_cst_reqloan_norm03)
Emitting c:\gcoop_all\fsct_cha\gcoop\pbreport\reportservice\reportmis.pbl (n_cst_mis_emer05)
Emitting c:\gcoop_all\fsct_cha\gcoop\pbreport\reportservice\reportmis.pbl (n_cst_reqloan_emer0203_2)
Emitting c:\gcoop_all\fsct_cha\gcoop\pbreport\reportservice\reportmis.pbl (n_cst_deposit05)
Emitting c:\gcoop_all\fsct_cha\gcoop\pbreport\reportservice\reportmis.pbl (n_cst_deposit05_date)
Emitting c:\gcoop_all\fsct_cha\gcoop\pbreport\reportservice\reportmis.pbl (n_cst_deposit05_rdate)
Emitting c:\gcoop_all\fsct_cha\gcoop\pbreport\reportservice\reportmis.pbl (n_cst_permistion)
Emitting c:\gcoop_all\fsct_cha\gcoop\pbreport\reportservice\reportmis.pbl (n_cst_reqloan_norm04_2)
Emitting c:\gcoop_all\fsct_cha\gcoop\pbreport\reportservice\reportmis.pbl (n_cst_reqloan_norm05)
Emitting c:\gcoop_all\fsct_cha\gcoop\pbreport\reportservice\reportmis.pbl (n_cst_shareamt_2)
Emitting c:\gcoop_all\fsct_cha\gcoop\pbreport\budgetservice\budget_service.pbl (n_cst_budget_service)
Emitting c:\gcoop_all\fsct_cha\gcoop\pbreport\pbreport\pbreport.pbl (assembly)
Emitting c:\gcoop_all\fsct_cha\gcoop\pbreport\accountservice\accountservice.pbl (n_cst_account_service)
Emitting c:\gcoop_all\fsct_cha\gcoop\pbreport\commonservice\commonservice.pbl (n_cst_doccontrolservice)
Emitting c:\gcoop_all\fsct_cha\gcoop\pbreport\commonservice\commonservice.pbl (n_cst_datetimeservice)
Emitting c:\gcoop_all\fsct_cha\gcoop\pbreport\commonservice\commonservice.pbl (n_cst_stringservice)
Emitting c:\gcoop_all\fsct_cha\gcoop\pbreport\commonservice\commonservice.pbl (n_cst_dbconnectservice)
Emitting c:\gcoop_all\fsct_cha\gcoop\pbreport\commonservice\commonservice.pbl (n_cst_thailibservice)
Emitting c:\gcoop_all\fsct_cha\gcoop\pbreport\commonservice\commonservice.pbl (n_cst_progresscontrol)
Emitting c:\gcoop_all\fsct_cha\gcoop\pbreport\commonservice\commonservice.pbl (str_progress)
Emitting c:\gcoop_all\fsct_cha\gcoop\pbreport\commonservice\commonservice.pbl (n_ds)
Emitting c:\gcoop_all\fsct_cha\gcoop\pbreport\commonservice\commonservice.pbl (n_cst_error)
Emitting c:\gcoop_all\fsct_cha\gcoop\pbreport\commonservice\commonservice.pbl (n_cst_base)
Emitting c:\gcoop_all\fsct_cha\gcoop\pbreport\commonservice\commonservice.pbl (str_error)
Emitting c:\gcoop_all\fsct_cha\gcoop\pbreport\commonservice\commonservice.pbl (n_cst_globalvar)
Emitting c:\gcoop_all\fsct_cha\gcoop\pbreport\commonservice\commonservice.pbl (f_read_thaibaht)
Emitting c:\gcoop_all\fsct_cha\gcoop\pbreport\xmlconfservice\xmlconfservice.pbl (n_cst_xmlconfig)
Emitting c:\gcoop_all\fsct_cha\gcoop\pbreport\xmlconfservice\xmlconfservice.pbl (n_cst_datawindowxml)
Emitting c:\gcoop_all\fsct_cha\gcoop\pbreport\xmlconfservice\xmlconfservice.pbl (n_cst_datawindowxmlrow)
Emitting c:\gcoop_all\fsct_cha\gcoop\pbreport\xmlconfservice\xmlconfservice.pbl (n_cst_xml)
Emitting c:\gcoop_all\fsct_cha\gcoop\pbreport\reportservice\reportservice.pbl (n_cst_reportservice)
Emitting c:\gcoop_all\fsct_cha\gcoop\pbreport\reportservice\reportservice.pbl (str_webreportdetail)
Emitting c:\gcoop_all\fsct_cha\gcoop\pbreport\reportservice\reportservice.pbl (n_cst_stdcriteria)
Emitting c:\gcoop_all\fsct_cha\gcoop\pbreport\reportservice\reportservice.pbl (n_cst_rptcreator_base)
Emitting c:\gcoop_all\fsct_cha\gcoop\pbreport\reportservice\reportservice.pbl (n_cst_rptcreator_default)
Emitting c:\gcoop_all\fsct_cha\gcoop\pbreport\reportservice\reportservice.pbl (n_cst_datastore_progress)
Emitting c:\gcoop_all\fsct_cha\gcoop\pbreport\reportservice\reportservice.pbl (n_cst_rptkeep_detail)
Emitting c:\gcoop_all\fsct_cha\gcoop\pbreport\printservice\printservice.pbl (n_cst_printservice)
Emitting c:\gcoop_all\fsct_cha\gcoop\pbreport\logservice\logservice.pbl (n_cst_debuglog)
Emitting c:\gcoop_all\fsct_cha\gcoop\pbreport\reportservice\reportaccount.pbl (n_cst_rptcreator_ac_trilebalance)
Emitting c:\gcoop_all\fsct_cha\gcoop\pbreport\reportservice\reportaccount.pbl (n_cst_rptcreator_ac_vcslip)
Emitting c:\gcoop_all\fsct_cha\gcoop\pbreport\reportservice\reportaccount.pbl (f_cnv_tothai_longdate)
Emitting c:\gcoop_all\fsct_cha\gcoop\pbreport\reportservice\reportaccount.pbl (f_get_monthname_th)
Emitting c:\gcoop_all\fsct_cha\gcoop\pbreport\reportservice\reportaccount.pbl (f_lastdate_ofmonth)
Emitting c:\gcoop_all\fsct_cha\gcoop\pbreport\reportservice\reportaccount.pbl (n_cst_rptcreator_ac_journal)
Emitting c:\gcoop_all\fsct_cha\gcoop\pbreport\reportservice\reportaccount.pbl (n_cst_rptcreator_ac_ledger)
Emitting c:\gcoop_all\fsct_cha\gcoop\pbreport\reportservice\reportaccount.pbl (n_cst_rptcreator_ac_cashflow_atv)
Emitting c:\gcoop_all\fsct_cha\gcoop\pbreport\reportservice\reportaccount.pbl (n_cst_rptcreator_ac_cashflow_drcr)
Emitting c:\gcoop_all\fsct_cha\gcoop\pbreport\reportservice\reportaccount.pbl (n_cst_rptcreator_ac_pl)
Emitting c:\gcoop_all\fsct_cha\gcoop\pbreport\reportservice\reportkeeping.pbl (n_cst_member_79)
Emitting c:\gcoop_all\fsct_cha\gcoop\pbreport\reportservice\reportshrlon.pbl (n_cst_shrlon_sumslip)
Emitting c:\gcoop_all\fsct_cha\gcoop\pbreport\reportservice\reportshrlon.pbl (n_cst_shrlon_stopshare)
Emitting c:\gcoop_all\fsct_cha\gcoop\pbreport\reportservice\reportshrlon.pbl (n_cst_shrloan_contcoll)
Emitting c:\gcoop_all\fsct_cha\gcoop\pbreport\reportservice\reportshrlon.pbl (n_cst_rptday0050_payment)
Emitting c:\gcoop_all\fsct_cha\gcoop\pbreport\reportservice\reportshrlon.pbl (n_cst_rptcreator_sl_reqloan_moneytype_chq)
Emitting c:\gcoop_all\fsct_cha\gcoop\pbreport\reportservice\reportshrlon.pbl (n_cst_rptcreator_mblnemer_daily05)
Emitting c:\gcoop_all\fsct_cha\gcoop\pbreport\reportservice\reportbudget.pbl (n_cst_rptcreator_bg_bfclose_month)
Emitting c:\gcoop_all\fsct_cha\gcoop\pbreport\reportservice\reportbudget.pbl (n_cst_rptcreator_bg_movmonth)
Emitting c:\gcoop_all\fsct_cha\gcoop\pbreport\reportservice\reportmis.pbl (n_cst_reqloan_share_05_1)
Emitting c:\gcoop_all\fsct_cha\gcoop\pbreport\reportservice\reportmis.pbl (n_cst_reqloan_share_05_2)
Emitting c:\gcoop_all\fsct_cha\gcoop\pbreport\reportservice\reportmis.pbl (n_cst_reqloan_stat)
Emitting c:\gcoop_all\fsct_cha\gcoop\pbreport\reportservice\reportmis.pbl (n_cst_reqloan_stat_09)
Emitting c:\gcoop_all\fsct_cha\gcoop\pbreport\reportservice\reportmis.pbl (n_cst_reqloan_stat_choose)
Emitting c:\gcoop_all\fsct_cha\gcoop\pbreport\reportservice\reportmis.pbl (n_cst_reqloan_stat_emer01)
Emitting c:\gcoop_all\fsct_cha\gcoop\pbreport\reportservice\reportmis.pbl (n_cst_reqloan_stat_spec01)
Emitting c:\gcoop_all\fsct_cha\gcoop\pbreport\reportservice\reportmis.pbl (n_cst_shareamt)
Emitting c:\gcoop_all\fsct_cha\gcoop\pbreport\reportservice\reportmis.pbl (n_cst_share_06)
Emitting c:\gcoop_all\fsct_cha\gcoop\pbreport\reportservice\reportmis.pbl (n_cst_share_09)
Emitting c:\gcoop_all\fsct_cha\gcoop\pbreport\reportservice\reportmis.pbl (n_cst_reqloan_stat_choose_2)
Emitting c:\gcoop_all\fsct_cha\gcoop\pbreport\reportservice\reportmis.pbl (n_cst_share_06_2)
Emitting c:\gcoop_all\fsct_cha\gcoop\pbreport\reportservice\reportmis.pbl (n_cst_reqloan_norm05_2new)
Emitting c:\gcoop_all\fsct_cha\gcoop\pbreport\reportservice\reportmis.pbl (n_cst_reqloan_norm05_2)
Emitting c:\gcoop_all\fsct_cha\gcoop\pbreport\reportservice\reportmis.pbl (n_cst_mis_norm01)
Emitting c:\gcoop_all\fsct_cha\gcoop\pbreport\reportservice\reportmis.pbl (n_cst_reqloan_emer0203)
Emitting c:\gcoop_all\fsct_cha\gcoop\pbreport\reportservice\reportmis.pbl (n_cst_mis_norm02)
Emitting c:\gcoop_all\fsct_cha\gcoop\pbreport\reportservice\reportmis.pbl (n_cst_reqloan_norm04)
Emitting c:\gcoop_all\fsct_cha\gcoop\pbreport\reportservice\reportmis.pbl (n_cst_reqloan_norm03)
Emitting c:\gcoop_all\fsct_cha\gcoop\pbreport\reportservice\reportmis.pbl (n_cst_mis_emer05)
Emitting c:\gcoop_all\fsct_cha\gcoop\pbreport\reportservice\reportmis.pbl (n_cst_reqloan_emer0203_2)
Emitting c:\gcoop_all\fsct_cha\gcoop\pbreport\reportservice\reportmis.pbl (n_cst_deposit05)
Emitting c:\gcoop_all\fsct_cha\gcoop\pbreport\reportservice\reportmis.pbl (n_cst_deposit05_date)
Emitting c:\gcoop_all\fsct_cha\gcoop\pbreport\reportservice\reportmis.pbl (n_cst_deposit05_rdate)
Emitting c:\gcoop_all\fsct_cha\gcoop\pbreport\reportservice\reportmis.pbl (n_cst_permistion)
Emitting c:\gcoop_all\fsct_cha\gcoop\pbreport\reportservice\reportmis.pbl (n_cst_reqloan_norm04_2)
Emitting c:\gcoop_all\fsct_cha\gcoop\pbreport\reportservice\reportmis.pbl (n_cst_reqloan_norm05)
Emitting c:\gcoop_all\fsct_cha\gcoop\pbreport\reportservice\reportmis.pbl (n_cst_shareamt_2)
Emitting c:\gcoop_all\fsct_cha\gcoop\pbreport\budgetservice\budget_service.pbl (n_cst_budget_service)
Emitting c:\gcoop_all\fsct_cha\gcoop\pbreport\pbreport\pbreport.pbl (assembly)
Emitting c:\gcoop_all\fsct_cha\gcoop\pbreport\accountservice\accountservice.pbl (n_cst_account_service)
Emitting c:\gcoop_all\fsct_cha\gcoop\pbreport\commonservice\commonservice.pbl (n_cst_doccontrolservice)
Emitting c:\gcoop_all\fsct_cha\gcoop\pbreport\commonservice\commonservice.pbl (n_cst_datetimeservice)
Emitting c:\gcoop_all\fsct_cha\gcoop\pbreport\commonservice\commonservice.pbl (n_cst_stringservice)
Emitting c:\gcoop_all\fsct_cha\gcoop\pbreport\commonservice\commonservice.pbl (n_cst_dbconnectservice)
Emitting c:\gcoop_all\fsct_cha\gcoop\pbreport\commonservice\commonservice.pbl (n_cst_thailibservice)
Emitting c:\gcoop_all\fsct_cha\gcoop\pbreport\commonservice\commonservice.pbl (n_cst_progresscontrol)
Emitting c:\gcoop_all\fsct_cha\gcoop\pbreport\commonservice\commonservice.pbl (str_progress)
Emitting c:\gcoop_all\fsct_cha\gcoop\pbreport\commonservice\commonservice.pbl (n_ds)
Emitting c:\gcoop_all\fsct_cha\gcoop\pbreport\commonservice\commonservice.pbl (n_cst_error)
Emitting c:\gcoop_all\fsct_cha\gcoop\pbreport\commonservice\commonservice.pbl (n_cst_base)
Emitting c:\gcoop_all\fsct_cha\gcoop\pbreport\commonservice\commonservice.pbl (str_error)
Emitting c:\gcoop_all\fsct_cha\gcoop\pbreport\commonservice\commonservice.pbl (n_cst_globalvar)
Emitting c:\gcoop_all\fsct_cha\gcoop\pbreport\commonservice\commonservice.pbl (f_read_thaibaht)
Emitting c:\gcoop_all\fsct_cha\gcoop\pbreport\xmlconfservice\xmlconfservice.pbl (n_cst_xmlconfig)
Emitting c:\gcoop_all\fsct_cha\gcoop\pbreport\xmlconfservice\xmlconfservice.pbl (n_cst_datawindowxml)
Emitting c:\gcoop_all\fsct_cha\gcoop\pbreport\xmlconfservice\xmlconfservice.pbl (n_cst_datawindowxmlrow)
Emitting c:\gcoop_all\fsct_cha\gcoop\pbreport\xmlconfservice\xmlconfservice.pbl (n_cst_xml)
Emitting c:\gcoop_all\fsct_cha\gcoop\pbreport\reportservice\reportservice.pbl (n_cst_reportservice)
Emitting c:\gcoop_all\fsct_cha\gcoop\pbreport\reportservice\reportservice.pbl (str_webreportdetail)
Emitting c:\gcoop_all\fsct_cha\gcoop\pbreport\reportservice\reportservice.pbl (n_cst_stdcriteria)
Emitting c:\gcoop_all\fsct_cha\gcoop\pbreport\reportservice\reportservice.pbl (n_cst_rptcreator_base)
Emitting c:\gcoop_all\fsct_cha\gcoop\pbreport\reportservice\reportservice.pbl (n_cst_rptcreator_default)
Emitting c:\gcoop_all\fsct_cha\gcoop\pbreport\reportservice\reportservice.pbl (n_cst_datastore_progress)
Emitting c:\gcoop_all\fsct_cha\gcoop\pbreport\reportservice\reportservice.pbl (n_cst_rptkeep_detail)
Emitting c:\gcoop_all\fsct_cha\gcoop\pbreport\printservice\printservice.pbl (n_cst_printservice)
Emitting c:\gcoop_all\fsct_cha\gcoop\pbreport\logservice\logservice.pbl (n_cst_debuglog)
Emitting c:\gcoop_all\fsct_cha\gcoop\pbreport\reportservice\reportaccount.pbl (n_cst_rptcreator_ac_trilebalance)
Emitting c:\gcoop_all\fsct_cha\gcoop\pbreport\reportservice\reportaccount.pbl (n_cst_rptcreator_ac_vcslip)
Emitting c:\gcoop_all\fsct_cha\gcoop\pbreport\reportservice\reportaccount.pbl (f_cnv_tothai_longdate)
Emitting c:\gcoop_all\fsct_cha\gcoop\pbreport\reportservice\reportaccount.pbl (f_get_monthname_th)
Emitting c:\gcoop_all\fsct_cha\gcoop\pbreport\reportservice\reportaccount.pbl (f_lastdate_ofmonth)
Emitting c:\gcoop_all\fsct_cha\gcoop\pbreport\reportservice\reportaccount.pbl (n_cst_rptcreator_ac_journal)
Emitting c:\gcoop_all\fsct_cha\gcoop\pbreport\reportservice\reportaccount.pbl (n_cst_rptcreator_ac_ledger)
Emitting c:\gcoop_all\fsct_cha\gcoop\pbreport\reportservice\reportaccount.pbl (n_cst_rptcreator_ac_cashflow_atv)
Emitting c:\gcoop_all\fsct_cha\gcoop\pbreport\reportservice\reportaccount.pbl (n_cst_rptcreator_ac_cashflow_drcr)
Emitting c:\gcoop_all\fsct_cha\gcoop\pbreport\reportservice\reportaccount.pbl (n_cst_rptcreator_ac_pl)
Emitting c:\gcoop_all\fsct_cha\gcoop\pbreport\reportservice\reportkeeping.pbl (n_cst_member_79)
Emitting c:\gcoop_all\fsct_cha\gcoop\pbreport\reportservice\reportshrlon.pbl (n_cst_shrlon_sumslip)
Emitting c:\gcoop_all\fsct_cha\gcoop\pbreport\reportservice\reportshrlon.pbl (n_cst_shrlon_stopshare)
Emitting c:\gcoop_all\fsct_cha\gcoop\pbreport\reportservice\reportshrlon.pbl (n_cst_shrloan_contcoll)
Emitting c:\gcoop_all\fsct_cha\gcoop\pbreport\reportservice\reportshrlon.pbl (n_cst_rptday0050_payment)
Emitting c:\gcoop_all\fsct_cha\gcoop\pbreport\reportservice\reportshrlon.pbl (n_cst_rptcreator_sl_reqloan_moneytype_chq)
Emitting c:\gcoop_all\fsct_cha\gcoop\pbreport\reportservice\reportshrlon.pbl (n_cst_rptcreator_mblnemer_daily05)
Emitting c:\gcoop_all\fsct_cha\gcoop\pbreport\reportservice\reportbudget.pbl (n_cst_rptcreator_bg_bfclose_month)
Emitting c:\gcoop_all\fsct_cha\gcoop\pbreport\reportservice\reportbudget.pbl (n_cst_rptcreator_bg_movmonth)
Emitting c:\gcoop_all\fsct_cha\gcoop\pbreport\reportservice\reportmis.pbl (n_cst_reqloan_share_05_1)
Emitting c:\gcoop_all\fsct_cha\gcoop\pbreport\reportservice\reportmis.pbl (n_cst_reqloan_share_05_2)
Emitting c:\gcoop_all\fsct_cha\gcoop\pbreport\reportservice\reportmis.pbl (n_cst_reqloan_stat)
Emitting c:\gcoop_all\fsct_cha\gcoop\pbreport\reportservice\reportmis.pbl (n_cst_reqloan_stat_09)
Emitting c:\gcoop_all\fsct_cha\gcoop\pbreport\reportservice\reportmis.pbl (n_cst_reqloan_stat_choose)
Emitting c:\gcoop_all\fsct_cha\gcoop\pbreport\reportservice\reportmis.pbl (n_cst_reqloan_stat_emer01)
Emitting c:\gcoop_all\fsct_cha\gcoop\pbreport\reportservice\reportmis.pbl (n_cst_reqloan_stat_spec01)
Emitting c:\gcoop_all\fsct_cha\gcoop\pbreport\reportservice\reportmis.pbl (n_cst_shareamt)
Emitting c:\gcoop_all\fsct_cha\gcoop\pbreport\reportservice\reportmis.pbl (n_cst_share_06)
Emitting c:\gcoop_all\fsct_cha\gcoop\pbreport\reportservice\reportmis.pbl (n_cst_share_09)
Emitting c:\gcoop_all\fsct_cha\gcoop\pbreport\reportservice\reportmis.pbl (n_cst_reqloan_stat_choose_2)
Emitting c:\gcoop_all\fsct_cha\gcoop\pbreport\reportservice\reportmis.pbl (n_cst_share_06_2)
Emitting c:\gcoop_all\fsct_cha\gcoop\pbreport\reportservice\reportmis.pbl (n_cst_reqloan_norm05_2new)
Emitting c:\gcoop_all\fsct_cha\gcoop\pbreport\reportservice\reportmis.pbl (n_cst_reqloan_norm05_2)
Emitting c:\gcoop_all\fsct_cha\gcoop\pbreport\reportservice\reportmis.pbl (n_cst_mis_norm01)
Emitting c:\gcoop_all\fsct_cha\gcoop\pbreport\reportservice\reportmis.pbl (n_cst_reqloan_emer0203)
Emitting c:\gcoop_all\fsct_cha\gcoop\pbreport\reportservice\reportmis.pbl (n_cst_mis_norm02)
Emitting c:\gcoop_all\fsct_cha\gcoop\pbreport\reportservice\reportmis.pbl (n_cst_reqloan_norm04)
Emitting c:\gcoop_all\fsct_cha\gcoop\pbreport\reportservice\reportmis.pbl (n_cst_reqloan_norm03)
Emitting c:\gcoop_all\fsct_cha\gcoop\pbreport\reportservice\reportmis.pbl (n_cst_mis_emer05)
Emitting c:\gcoop_all\fsct_cha\gcoop\pbreport\reportservice\reportmis.pbl (n_cst_reqloan_emer0203_2)
Emitting c:\gcoop_all\fsct_cha\gcoop\pbreport\reportservice\reportmis.pbl (n_cst_deposit05)
Emitting c:\gcoop_all\fsct_cha\gcoop\pbreport\reportservice\reportmis.pbl (n_cst_deposit05_date)
Emitting c:\gcoop_all\fsct_cha\gcoop\pbreport\reportservice\reportmis.pbl (n_cst_deposit05_rdate)
Emitting c:\gcoop_all\fsct_cha\gcoop\pbreport\reportservice\reportmis.pbl (n_cst_permistion)
Emitting c:\gcoop_all\fsct_cha\gcoop\pbreport\reportservice\reportmis.pbl (n_cst_reqloan_norm04_2)
Emitting c:\gcoop_all\fsct_cha\gcoop\pbreport\reportservice\reportmis.pbl (n_cst_reqloan_norm05)
Emitting c:\gcoop_all\fsct_cha\gcoop\pbreport\reportservice\reportmis.pbl (n_cst_shareamt_2)
Emitting c:\gcoop_all\fsct_cha\gcoop\pbreport\budgetservice\budget_service.pbl (n_cst_budget_service)


Error Summary : 0 error(s) 



Warning Summary : 0 warning(s) 



Compile complete -- 0 error(s), 0 warning(s)


C:\GCOOP_ALL\FSCT_cha\GCOOP\PBReport\pbreport\pb2csdotnettempout>if ERRORLEVEL 1 exit 1 

C:\GCOOP_ALL\FSCT_cha\GCOOP\PBReport\pbreport\pb2csdotnettempout>call build.bat c- "C:\GCOOP_ALL\FSCT_cha\GCOOP\PBReport\pbreport\pb2csdotnettempout\csc_output_file_name.txt" 

C:\GCOOP_ALL\FSCT_cha\GCOOP\PBReport\pbreport\pb2csdotnettempout>setlocal

C:\GCOOP_ALL\FSCT_cha\GCOOP\PBReport\pbreport\pb2csdotnettempout>if "c-" == "" goto usage  

C:\GCOOP_ALL\FSCT_cha\GCOOP\PBReport\pbreport\pb2csdotnettempout>if "C:\Program Files (x86)\Sybase\PowerBuilder 12.0\DotNET" == "" goto sethome 

C:\GCOOP_ALL\FSCT_cha\GCOOP\PBReport\pbreport\pb2csdotnettempout>if "" == "" set NET_FRAMEWORK_PB$PBVERSION$=C:\Windows\Microsoft.NET\Framework\v3.5 

C:\GCOOP_ALL\FSCT_cha\GCOOP\PBReport\pbreport\pb2csdotnettempout>md bin 
A subdirectory or file bin already exists.

C:\GCOOP_ALL\FSCT_cha\GCOOP\PBReport\pbreport\pb2csdotnettempout>md install 
A subdirectory or file install already exists.

C:\GCOOP_ALL\FSCT_cha\GCOOP\PBReport\pbreport\pb2csdotnettempout>if "c-" == "c-" goto notcopy 

C:\GCOOP_ALL\FSCT_cha\GCOOP\PBReport\pbreport\pb2csdotnettempout>reg import "C:\Program Files (x86)\Sybase\PowerBuilder 12.0\DotNET\bin\PBExceptionTrace.reg" 
The operation completed successfully.

C:\GCOOP_ALL\FSCT_cha\GCOOP\PBReport\pbreport\pb2csdotnettempout>xcopy /D /Y "c:\gcoop_all\fsct_cha\gcoop\pbreport\pbreport\pbreport.pbd" bin\ 
C:\gcoop_all\fsct_cha\gcoop\pbreport\pbreport\pbreport.pbd
1 File(s) copied

C:\GCOOP_ALL\FSCT_cha\GCOOP\PBReport\pbreport\pb2csdotnettempout>xcopy /D /Y "c:\gcoop_all\fsct_cha\gcoop\pbreport\pbreport\pbreport.pbd" install\ 
C:\gcoop_all\fsct_cha\gcoop\pbreport\pbreport\pbreport.pbd
1 File(s) copied

C:\GCOOP_ALL\FSCT_cha\GCOOP\PBReport\pbreport\pb2csdotnettempout>xcopy /D /Y "c:\gcoop_all\fsct_cha\gcoop\pbreport\accountservice\accountservice.pbd" bin\ 
C:\gcoop_all\fsct_cha\gcoop\pbreport\accountservice\accountservice.pbd
1 File(s) copied

C:\GCOOP_ALL\FSCT_cha\GCOOP\PBReport\pbreport\pb2csdotnettempout>xcopy /D /Y "c:\gcoop_all\fsct_cha\gcoop\pbreport\accountservice\accountservice.pbd" install\ 
C:\gcoop_all\fsct_cha\gcoop\pbreport\accountservice\accountservice.pbd
1 File(s) copied

C:\GCOOP_ALL\FSCT_cha\GCOOP\PBReport\pbreport\pb2csdotnettempout>xcopy /D /Y "c:\gcoop_all\fsct_cha\gcoop\pbreport\commonservice\commonservice.pbd" bin\ 
C:\gcoop_all\fsct_cha\gcoop\pbreport\commonservice\commonservice.pbd
1 File(s) copied

C:\GCOOP_ALL\FSCT_cha\GCOOP\PBReport\pbreport\pb2csdotnettempout>xcopy /D /Y "c:\gcoop_all\fsct_cha\gcoop\pbreport\commonservice\commonservice.pbd" install\ 
C:\gcoop_all\fsct_cha\gcoop\pbreport\commonservice\commonservice.pbd
1 File(s) copied

C:\GCOOP_ALL\FSCT_cha\GCOOP\PBReport\pbreport\pb2csdotnettempout>xcopy /D /Y "c:\gcoop_all\fsct_cha\gcoop\pbreport\xmlconfservice\xmlconfservice.pbd" bin\ 
C:\gcoop_all\fsct_cha\gcoop\pbreport\xmlconfservice\xmlconfservice.pbd
1 File(s) copied

C:\GCOOP_ALL\FSCT_cha\GCOOP\PBReport\pbreport\pb2csdotnettempout>xcopy /D /Y "c:\gcoop_all\fsct_cha\gcoop\pbreport\xmlconfservice\xmlconfservice.pbd" install\ 
C:\gcoop_all\fsct_cha\gcoop\pbreport\xmlconfservice\xmlconfservice.pbd
1 File(s) copied

C:\GCOOP_ALL\FSCT_cha\GCOOP\PBReport\pbreport\pb2csdotnettempout>xcopy /D /Y "c:\gcoop_all\fsct_cha\gcoop\pbreport\reportservice\reportservice.pbd" bin\ 
C:\gcoop_all\fsct_cha\gcoop\pbreport\reportservice\reportservice.pbd
1 File(s) copied

C:\GCOOP_ALL\FSCT_cha\GCOOP\PBReport\pbreport\pb2csdotnettempout>xcopy /D /Y "c:\gcoop_all\fsct_cha\gcoop\pbreport\reportservice\reportservice.pbd" install\ 
C:\gcoop_all\fsct_cha\gcoop\pbreport\reportservice\reportservice.pbd
1 File(s) copied

C:\GCOOP_ALL\FSCT_cha\GCOOP\PBReport\pbreport\pb2csdotnettempout>xcopy /D /Y "c:\gcoop_all\fsct_cha\gcoop\pbreport\printservice\printservice.pbd" bin\ 
C:\gcoop_all\fsct_cha\gcoop\pbreport\printservice\printservice.pbd
1 File(s) copied

C:\GCOOP_ALL\FSCT_cha\GCOOP\PBReport\pbreport\pb2csdotnettempout>xcopy /D /Y "c:\gcoop_all\fsct_cha\gcoop\pbreport\printservice\printservice.pbd" install\ 
C:\gcoop_all\fsct_cha\gcoop\pbreport\printservice\printservice.pbd
1 File(s) copied

C:\GCOOP_ALL\FSCT_cha\GCOOP\PBReport\pbreport\pb2csdotnettempout>xcopy /D /Y "c:\gcoop_all\fsct_cha\gcoop\pbreport\logservice\logservice.pbd" bin\ 
C:\gcoop_all\fsct_cha\gcoop\pbreport\logservice\logservice.pbd
1 File(s) copied

C:\GCOOP_ALL\FSCT_cha\GCOOP\PBReport\pbreport\pb2csdotnettempout>xcopy /D /Y "c:\gcoop_all\fsct_cha\gcoop\pbreport\logservice\logservice.pbd" install\ 
C:\gcoop_all\fsct_cha\gcoop\pbreport\logservice\logservice.pbd
1 File(s) copied

C:\GCOOP_ALL\FSCT_cha\GCOOP\PBReport\pbreport\pb2csdotnettempout>xcopy /D /Y "c:\gcoop_all\fsct_cha\gcoop\pbreport\reportservice\reportexpress.pbd" bin\ 
C:\gcoop_all\fsct_cha\gcoop\pbreport\reportservice\reportexpress.pbd
1 File(s) copied

C:\GCOOP_ALL\FSCT_cha\GCOOP\PBReport\pbreport\pb2csdotnettempout>xcopy /D /Y "c:\gcoop_all\fsct_cha\gcoop\pbreport\reportservice\reportexpress.pbd" install\ 
C:\gcoop_all\fsct_cha\gcoop\pbreport\reportservice\reportexpress.pbd
1 File(s) copied

C:\GCOOP_ALL\FSCT_cha\GCOOP\PBReport\pbreport\pb2csdotnettempout>xcopy /D /Y "c:\gcoop_all\fsct_cha\gcoop\pbreport\reportservice\divservicereport.pbd" bin\ 
C:\gcoop_all\fsct_cha\gcoop\pbreport\reportservice\divservicereport.pbd
1 File(s) copied

C:\GCOOP_ALL\FSCT_cha\GCOOP\PBReport\pbreport\pb2csdotnettempout>xcopy /D /Y "c:\gcoop_all\fsct_cha\gcoop\pbreport\reportservice\divservicereport.pbd" install\ 
C:\gcoop_all\fsct_cha\gcoop\pbreport\reportservice\divservicereport.pbd
1 File(s) copied

C:\GCOOP_ALL\FSCT_cha\GCOOP\PBReport\pbreport\pb2csdotnettempout>xcopy /D /Y "c:\gcoop_all\fsct_cha\gcoop\pbreport\reportservice\reportaccount.pbd" bin\ 
C:\gcoop_all\fsct_cha\gcoop\pbreport\reportservice\reportaccount.pbd
1 File(s) copied

C:\GCOOP_ALL\FSCT_cha\GCOOP\PBReport\pbreport\pb2csdotnettempout>xcopy /D /Y "c:\gcoop_all\fsct_cha\gcoop\pbreport\reportservice\reportaccount.pbd" install\ 
C:\gcoop_all\fsct_cha\gcoop\pbreport\reportservice\reportaccount.pbd
1 File(s) copied

C:\GCOOP_ALL\FSCT_cha\GCOOP\PBReport\pbreport\pb2csdotnettempout>xcopy /D /Y "c:\gcoop_all\fsct_cha\gcoop\pbreport\reportservice\reportdeposit.pbd" bin\ 
C:\gcoop_all\fsct_cha\gcoop\pbreport\reportservice\reportdeposit.pbd
1 File(s) copied

C:\GCOOP_ALL\FSCT_cha\GCOOP\PBReport\pbreport\pb2csdotnettempout>xcopy /D /Y "c:\gcoop_all\fsct_cha\gcoop\pbreport\reportservice\reportdeposit.pbd" install\ 
C:\gcoop_all\fsct_cha\gcoop\pbreport\reportservice\reportdeposit.pbd
1 File(s) copied

C:\GCOOP_ALL\FSCT_cha\GCOOP\PBReport\pbreport\pb2csdotnettempout>xcopy /D /Y "c:\gcoop_all\fsct_cha\gcoop\pbreport\reportservice\reportfinance.pbd" bin\ 
C:\gcoop_all\fsct_cha\gcoop\pbreport\reportservice\reportfinance.pbd
1 File(s) copied

C:\GCOOP_ALL\FSCT_cha\GCOOP\PBReport\pbreport\pb2csdotnettempout>xcopy /D /Y "c:\gcoop_all\fsct_cha\gcoop\pbreport\reportservice\reportfinance.pbd" install\ 
C:\gcoop_all\fsct_cha\gcoop\pbreport\reportservice\reportfinance.pbd
1 File(s) copied

C:\GCOOP_ALL\FSCT_cha\GCOOP\PBReport\pbreport\pb2csdotnettempout>xcopy /D /Y "c:\gcoop_all\fsct_cha\gcoop\pbreport\reportservice\reportkeeping.pbd" bin\ 
C:\gcoop_all\fsct_cha\gcoop\pbreport\reportservice\reportkeeping.pbd
1 File(s) copied

C:\GCOOP_ALL\FSCT_cha\GCOOP\PBReport\pbreport\pb2csdotnettempout>xcopy /D /Y "c:\gcoop_all\fsct_cha\gcoop\pbreport\reportservice\reportkeeping.pbd" install\ 
C:\gcoop_all\fsct_cha\gcoop\pbreport\reportservice\reportkeeping.pbd
1 File(s) copied

C:\GCOOP_ALL\FSCT_cha\GCOOP\PBReport\pbreport\pb2csdotnettempout>xcopy /D /Y "c:\gcoop_all\fsct_cha\gcoop\pbreport\reportservice\reportshrlon.pbd" bin\ 
C:\gcoop_all\fsct_cha\gcoop\pbreport\reportservice\reportshrlon.pbd
1 File(s) copied

C:\GCOOP_ALL\FSCT_cha\GCOOP\PBReport\pbreport\pb2csdotnettempout>xcopy /D /Y "c:\gcoop_all\fsct_cha\gcoop\pbreport\reportservice\reportshrlon.pbd" install\ 
C:\gcoop_all\fsct_cha\gcoop\pbreport\reportservice\reportshrlon.pbd
1 File(s) copied

C:\GCOOP_ALL\FSCT_cha\GCOOP\PBReport\pbreport\pb2csdotnettempout>xcopy /D /Y "c:\gcoop_all\fsct_cha\gcoop\pbreport\reportservice\reportshrlonold.pbd" bin\ 
C:\gcoop_all\fsct_cha\gcoop\pbreport\reportservice\reportshrlonold.pbd
1 File(s) copied

C:\GCOOP_ALL\FSCT_cha\GCOOP\PBReport\pbreport\pb2csdotnettempout>xcopy /D /Y "c:\gcoop_all\fsct_cha\gcoop\pbreport\reportservice\reportshrlonold.pbd" install\ 
C:\gcoop_all\fsct_cha\gcoop\pbreport\reportservice\reportshrlonold.pbd
1 File(s) copied

C:\GCOOP_ALL\FSCT_cha\GCOOP\PBReport\pbreport\pb2csdotnettempout>xcopy /D /Y "c:\gcoop_all\fsct_cha\gcoop\pbreport\reportservice\reportbudget.pbd" bin\ 
C:\gcoop_all\fsct_cha\gcoop\pbreport\reportservice\reportbudget.pbd
1 File(s) copied

C:\GCOOP_ALL\FSCT_cha\GCOOP\PBReport\pbreport\pb2csdotnettempout>xcopy /D /Y "c:\gcoop_all\fsct_cha\gcoop\pbreport\reportservice\reportbudget.pbd" install\ 
C:\gcoop_all\fsct_cha\gcoop\pbreport\reportservice\reportbudget.pbd
1 File(s) copied

C:\GCOOP_ALL\FSCT_cha\GCOOP\PBReport\pbreport\pb2csdotnettempout>xcopy /D /Y "c:\gcoop_all\fsct_cha\gcoop\pbreport\reportservice\reportmis.pbd" bin\ 
C:\gcoop_all\fsct_cha\gcoop\pbreport\reportservice\reportmis.pbd
1 File(s) copied

C:\GCOOP_ALL\FSCT_cha\GCOOP\PBReport\pbreport\pb2csdotnettempout>xcopy /D /Y "c:\gcoop_all\fsct_cha\gcoop\pbreport\reportservice\reportmis.pbd" install\ 
C:\gcoop_all\fsct_cha\gcoop\pbreport\reportservice\reportmis.pbd
1 File(s) copied

C:\GCOOP_ALL\FSCT_cha\GCOOP\PBReport\pbreport\pb2csdotnettempout>xcopy /D /Y "c:\gcoop_all\fsct_cha\gcoop\pbreport\reportservice\reportcmd.pbd" bin\ 
C:\gcoop_all\fsct_cha\gcoop\pbreport\reportservice\reportcmd.pbd
1 File(s) copied

C:\GCOOP_ALL\FSCT_cha\GCOOP\PBReport\pbreport\pb2csdotnettempout>xcopy /D /Y "c:\gcoop_all\fsct_cha\gcoop\pbreport\reportservice\reportcmd.pbd" install\ 
C:\gcoop_all\fsct_cha\gcoop\pbreport\reportservice\reportcmd.pbd
1 File(s) copied

C:\GCOOP_ALL\FSCT_cha\GCOOP\PBReport\pbreport\pb2csdotnettempout>xcopy /D /Y "c:\gcoop_all\fsct_cha\gcoop\pbreport\budgetservice\budget_service.pbd" bin\ 
C:\gcoop_all\fsct_cha\gcoop\pbreport\budgetservice\budget_service.pbd
1 File(s) copied

C:\GCOOP_ALL\FSCT_cha\GCOOP\PBReport\pbreport\pb2csdotnettempout>xcopy /D /Y "c:\gcoop_all\fsct_cha\gcoop\pbreport\budgetservice\budget_service.pbd" install\ 
C:\gcoop_all\fsct_cha\gcoop\pbreport\budgetservice\budget_service.pbd
1 File(s) copied

C:\GCOOP_ALL\FSCT_cha\GCOOP\PBReport\pbreport\pb2csdotnettempout>xcopy /D /Y "c:\gcoop_all\fsct_cha\gcoop\pbreport\reportservice\reportlawsys.pbd" bin\ 
C:\gcoop_all\fsct_cha\gcoop\pbreport\reportservice\reportlawsys.pbd
1 File(s) copied

C:\GCOOP_ALL\FSCT_cha\GCOOP\PBReport\pbreport\pb2csdotnettempout>xcopy /D /Y "c:\gcoop_all\fsct_cha\gcoop\pbreport\reportservice\reportlawsys.pbd" install\ 
C:\gcoop_all\fsct_cha\gcoop\pbreport\reportservice\reportlawsys.pbd
1 File(s) copied

C:\GCOOP_ALL\FSCT_cha\GCOOP\PBReport\pbreport\pb2csdotnettempout>xcopy /D /Y "c:\gcoop_all\fsct_cha\gcoop\pbreport\reportwalfare.pbd" bin\ 
C:\gcoop_all\fsct_cha\gcoop\pbreport\reportwalfare.pbd
1 File(s) copied

C:\GCOOP_ALL\FSCT_cha\GCOOP\PBReport\pbreport\pb2csdotnettempout>xcopy /D /Y "c:\gcoop_all\fsct_cha\gcoop\pbreport\reportwalfare.pbd" install\ 
C:\gcoop_all\fsct_cha\gcoop\pbreport\reportwalfare.pbd
1 File(s) copied

C:\GCOOP_ALL\FSCT_cha\GCOOP\PBReport\pbreport\pb2csdotnettempout>xcopy /D /Y "c:\gcoop_all\fsct_cha\gcoop\pbreport\reportservice\hrreport.pbd" bin\ 
C:\gcoop_all\fsct_cha\gcoop\pbreport\reportservice\hrreport.pbd
1 File(s) copied

C:\GCOOP_ALL\FSCT_cha\GCOOP\PBReport\pbreport\pb2csdotnettempout>xcopy /D /Y "c:\gcoop_all\fsct_cha\gcoop\pbreport\reportservice\hrreport.pbd" install\ 
C:\gcoop_all\fsct_cha\gcoop\pbreport\reportservice\hrreport.pbd
1 File(s) copied

C:\GCOOP_ALL\FSCT_cha\GCOOP\PBReport\pbreport\pb2csdotnettempout>xcopy /D /Y "c:\gcoop_all\fsct_cha\gcoop\pbreport\reportservice\reportloanassist.pbd" bin\ 
C:\gcoop_all\fsct_cha\gcoop\pbreport\reportservice\reportloanassist.pbd
1 File(s) copied

C:\GCOOP_ALL\FSCT_cha\GCOOP\PBReport\pbreport\pb2csdotnettempout>xcopy /D /Y "c:\gcoop_all\fsct_cha\gcoop\pbreport\reportservice\reportloanassist.pbd" install\ 
C:\gcoop_all\fsct_cha\gcoop\pbreport\reportservice\reportloanassist.pbd
1 File(s) copied

C:\GCOOP_ALL\FSCT_cha\GCOOP\PBReport\pbreport\pb2csdotnettempout>if "C:\GCOOP_ALL\FSCT_cha\GCOOP\PBReport\pbreport\pb2csdotnettempout\csc_output_file_name.txt" == "" (C:\Windows\Microsoft.NET\Framework\v3.5\csc /t:library /debug /nowarn:1591 /doc:"bin\pbreport.xml"   /platform:x86  /linkres:bin\pbreport.pbd /linkres:bin\accountservice.pbd /linkres:bin\commonservice.pbd /linkres:bin\xmlconfservice.pbd /linkres:bin\reportservice.pbd /linkres:bin\printservice.pbd /linkres:bin\logservice.pbd /linkres:bin\reportexpress.pbd /linkres:bin\divservicereport.pbd /linkres:bin\reportaccount.pbd /linkres:bin\reportdeposit.pbd /linkres:bin\reportfinance.pbd /linkres:bin\reportkeeping.pbd /linkres:bin\reportshrlon.pbd /linkres:bin\reportshrlonold.pbd /linkres:bin\reportbudget.pbd /linkres:bin\reportmis.pbd /linkres:bin\reportcmd.pbd /linkres:bin\budget_service.pbd /linkres:bin\reportlawsys.pbd /linkres:bin\reportwalfare.pbd /linkres:bin\hrreport.pbd /linkres:bin\reportloanassist.pbd "/r:C:\Program Files (x86)\Sybase\PowerBuilder 12.0\DotNET\bin\Sybase.PowerBuilder.Core.dll;C:\Program Files (x86)\Sybase\PowerBuilder 12.0\DotNET\bin\Sybase.PowerBuilder.Interop.dll;C:\Program Files (x86)\Sybase\PowerBuilder 12.0\DotNET\bin\Sybase.PowerBuilder.Common.dll;C:\Program Files (x86)\Sybase\PowerBuilder 12.0\DotNET\bin\Sybase.PowerBuilder.Win.dll;C:\Program Files (x86)\Sybase\PowerBuilder 12.0\DotNET\bin\Sybase.PowerBuilder.WinWebDataWindowCommon.dll;C:\Program Files (x86)\Sybase\PowerBuilder 12.0\DotNET\bin\com.sybase.ejb.net.dll;C:\Program Files (x86)\Sybase\PowerBuilder 12.0\DotNET\bin\com.sybase.iiop.net.dll" /out:"bin\pbreport.dll" *.cs )  else (C:\Windows\Microsoft.NET\Framework\v3.5\csc /t:library /debug /nowarn:1591 /doc:"bin\pbreport.xml"   /platform:x86  /linkres:bin\pbreport.pbd /linkres:bin\accountservice.pbd /linkres:bin\commonservice.pbd /linkres:bin\xmlconfservice.pbd /linkres:bin\reportservice.pbd /linkres:bin\printservice.pbd /linkres:bin\logservice.pbd /linkres:bin\reportexpress.pbd /linkres:bin\divservicereport.pbd /linkres:bin\reportaccount.pbd /linkres:bin\reportdeposit.pbd /linkres:bin\reportfinance.pbd /linkres:bin\reportkeeping.pbd /linkres:bin\reportshrlon.pbd /linkres:bin\reportshrlonold.pbd /linkres:bin\reportbudget.pbd /linkres:bin\reportmis.pbd /linkres:bin\reportcmd.pbd /linkres:bin\budget_service.pbd /linkres:bin\reportlawsys.pbd /linkres:bin\reportwalfare.pbd /linkres:bin\hrreport.pbd /linkres:bin\reportloanassist.pbd "/r:C:\Program Files (x86)\Sybase\PowerBuilder 12.0\DotNET\bin\Sybase.PowerBuilder.Core.dll;C:\Program Files (x86)\Sybase\PowerBuilder 12.0\DotNET\bin\Sybase.PowerBuilder.Interop.dll;C:\Program Files (x86)\Sybase\PowerBuilder 12.0\DotNET\bin\Sybase.PowerBuilder.Common.dll;C:\Program Files (x86)\Sybase\PowerBuilder 12.0\DotNET\bin\Sybase.PowerBuilder.Win.dll;C:\Program Files (x86)\Sybase\PowerBuilder 12.0\DotNET\bin\Sybase.PowerBuilder.WinWebDataWindowCommon.dll;C:\Program Files (x86)\Sybase\PowerBuilder 12.0\DotNET\bin\com.sybase.ejb.net.dll;C:\Program Files (x86)\Sybase\PowerBuilder 12.0\DotNET\bin\com.sybase.iiop.net.dll" /out:"bin\pbreport.dll" *.cs  1>"C:\GCOOP_ALL\FSCT_cha\GCOOP\PBReport\pbreport\pb2csdotnettempout\csc_output_file_name.txt" ) 
Build Succeeded.

C:\GCOOP_ALL\FSCT_cha\GCOOP\PBReport\pbreport\pb2csdotnettempout>goto end 

C:\GCOOP_ALL\FSCT_cha\GCOOP\PBReport\pbreport\pb2csdotnettempout>xcopy /D /Y "bin\pbreport.dll" install\ 
bin\pbreport.dll
1 File(s) copied

C:\GCOOP_ALL\FSCT_cha\GCOOP\PBReport\pbreport\pb2csdotnettempout>endlocal

C:\GCOOP_ALL\FSCT_cha\GCOOP\PBReport\pbreport\pb2csdotnettempout>if ERRORLEVEL 1 exit 2 

C:\GCOOP_ALL\FSCT_cha\GCOOP\PBReport\pbreport\pb2csdotnettempout>if exist "C:\GCOOP_ALL\FSCT_cha\GCOOP\PBReport\pbreport\pb2csdotnettempout\*.cs" del "C:\GCOOP_ALL\FSCT_cha\GCOOP\PBReport\pbreport\pb2csdotnettempout\*.cs" 

C:\GCOOP_ALL\FSCT_cha\GCOOP\PBReport\pbreport\pb2csdotnettempout>goto end 

C:\GCOOP_ALL\FSCT_cha\GCOOP\PBReport\pbreport\pb2csdotnettempout>endlocal
Generating PowerBuilder .NET assemblies succeeded.
Warning: Cannot copy the log.txt file to the output directory.
